86.31.144.69 - - [27/Nov/2017:12:30:17 +0000] "POST / HTTP/1.1" 404 140 "-" "Mozilla/5.0 (Windows NT 6.3; WOW64; Trident/7.0; rv:11.0) like Gecko"
86.31.144.69 - - [27/Nov/2017:12:32:18 +0000] "POST / HTTP/1.1" 404 140 "-" "Mozilla/5.0 (Windows NT 6.3; WOW64; Trident/7.0; rv:11.0) like Gecko"
86.31.144.69 - - [27/Nov/2017:12:34:18 +0000] "POST / HTTP/1.1" 404 140 "-" "Mozilla/5.0 (Windows NT 6.3; WOW64; Trident/7.0; rv:11.0) like Gecko"
86.31.144.69 - - [27/Nov/2017:12:36:18 +0000] "POST / HTTP/1.1" 404 140 "-" "Mozilla/5.0 (Windows NT 6.3; WOW64; Trident/7.0; rv:11.0) like Gecko"
86.31.144.69 - - [27/Nov/2017:12:38:18 +0000] "POST / HTTP/1.1" 404 140 "-" "Mozilla/5.0 (Windows NT 6.3; WOW64; Trident/7.0; rv:11.0) like Gecko"
88.66.96.32 - - [27/Nov/2017:12:38:46 +0000] "POST / HTTP/1.1" 404 140 "-" "Mozilla/4.0 (compatible; MSIE 7.0; Windows NT 6.1; Trident/7.0; SLCC2; .NET CLR 2.0.50727; .NET CLR 3.5.30729; .NET CLR 3.0.30729; Media Center PC 6.0; .NET4.0C; .NET CLR 1.1.4322; Tablet PC 2.0; .NET4.0E)"
86.31.144.69 - - [27/Nov/2017:12:40:18 +0000] "POST / HTTP/1.1" 404 140 "-" "Mozilla/5.0 (Windows NT 6.3; WOW64; Trident/7.0; rv:11.0) like Gecko"
88.66.96.32 - - [27/Nov/2017:12:40:46 +0000] "POST / HTTP/1.1" 404 140 "-" "Mozilla/4.0 (compatible; MSIE 7.0; Windows NT 6.1; Trident/7.0; SLCC2; .NET CLR 2.0.50727; .NET CLR 3.5.30729; .NET CLR 3.0.30729; Media Center PC 6.0; .NET4.0C; .NET CLR 1.1.4322; Tablet PC 2.0; .NET4.0E)"
86.31.144.69 - - [27/Nov/2017:12:42:18 +0000] "POST / HTTP/1.1" 404 140 "-" "Mozilla/5.0 (Windows NT 6.3; WOW64; Trident/7.0; rv:11.0) like Gecko"
88.66.96.32 - - [27/Nov/2017:12:42:46 +0000] "POST / HTTP/1.1" 404 140 "-" "Mozilla/4.0 (compatible; MSIE 7.0; Windows NT 6.1; Trident/7.0; SLCC2; .NET CLR 2.0.50727; .NET CLR 3.5.30729; .NET CLR 3.0.30729; Media Center PC 6.0; .NET4.0C; .NET CLR 1.1.4322; Tablet PC 2.0; .NET4.0E)"
86.31.144.69 - - [27/Nov/2017:12:44:19 +0000] "POST / HTTP/1.1" 404 140 "-" "Mozilla/5.0 (Windows NT 6.3; WOW64; Trident/7.0; rv:11.0) like Gecko"
86.31.144.69 - - [27/Nov/2017:12:46:19 +0000] "POST / HTTP/1.1" 404 140 "-" "Mozilla/5.0 (Windows NT 6.3; WOW64; Trident/7.0; rv:11.0) like Gecko"
86.31.144.69 - - [27/Nov/2017:12:48:19 +0000] "POST / HTTP/1.1" 404 140 "-" "Mozilla/5.0 (Windows NT 6.3; WOW64; Trident/7.0; rv:11.0) like Gecko"
10.161.14.173 - - [27/Nov/2017:12:50:11 +0000] "GET /fastw HTTP/1.1" 302 72 "http://s97.srl/fastw" "Mozilla/5.0 (Linux; Android 6.0; Nexus 5 Build/MRA58N) AppleWebKit/537.36 (KHTML, like Gecko) Chrome/62.0.3202.94 Mobile Safari/537.36"
10.161.14.173 - - [27/Nov/2017:12:50:11 +0000] "GET /requestsecret HTTP/1.1" 200 4308 "http://s97.srl/fastw" "Mozilla/5.0 (Linux; Android 6.0; Nexus 5 Build/MRA58N) AppleWebKit/537.36 (KHTML, like Gecko) Chrome/62.0.3202.94 Mobile Safari/537.36"
10.161.14.173 - - [27/Nov/2017:12:50:11 +0000] "GET /1301/css/style.css HTTP/1.1" 200 472 "https://10.161.9.38/requestsecret" "Mozilla/5.0 (Linux; Android 6.0; Nexus 5 Build/MRA58N) AppleWebKit/537.36 (KHTML, like Gecko) Chrome/62.0.3202.94 Mobile Safari/537.36"
10.161.14.173 - - [27/Nov/2017:12:50:11 +0000] "GET /1301/images/logo.gif HTTP/1.1" 200 230254 "https://10.161.9.38/requestsecret" "Mozilla/5.0 (Linux; Android 6.0; Nexus 5 Build/MRA58N) AppleWebKit/537.36 (KHTML, like Gecko) Chrome/62.0.3202.94 Mobile Safari/537.36"
10.161.14.173 - - [27/Nov/2017:12:50:15 +0000] "POST /requestsecret HTTP/1.1" 302 76 "https://10.161.9.38/requestsecret" "Mozilla/5.0 (Linux; Android 6.0; Nexus 5 Build/MRA58N) AppleWebKit/537.36 (KHTML, like Gecko) Chrome/62.0.3202.94 Mobile Safari/537.36"
10.161.14.173 - - [27/Nov/2017:12:50:15 +0000] "GET /requestfullname HTTP/1.1" 200 4222 "https://10.161.9.38/requestsecret" "Mozilla/5.0 (Linux; Android 6.0; Nexus 5 Build/MRA58N) AppleWebKit/537.36 (KHTML, like Gecko) Chrome/62.0.3202.94 Mobile Safari/537.36"
10.161.14.173 - - [27/Nov/2017:12:50:15 +0000] "GET /1301/css/style.css HTTP/1.1" 200 472 "https://10.161.9.38/requestfullname" "Mozilla/5.0 (Linux; Android 6.0; Nexus 5 Build/MRA58N) AppleWebKit/537.36 (KHTML, like Gecko) Chrome/62.0.3202.94 Mobile Safari/537.36"
10.161.14.173 - - [27/Nov/2017:12:50:15 +0000] "GET /1301/images/logo.gif HTTP/1.1" 304 - "https://10.161.9.38/requestfullname" "Mozilla/5.0 (Linux; Android 6.0; Nexus 5 Build/MRA58N) AppleWebKit/537.36 (KHTML, like Gecko) Chrome/62.0.3202.94 Mobile Safari/537.36"
10.161.14.173 - - [27/Nov/2017:12:50:17 +0000] "POST /requestfullname HTTP/1.1" 302 64 "https://10.161.9.38/requestfullname" "Mozilla/5.0 (Linux; Android 6.0; Nexus 5 Build/MRA58N) AppleWebKit/537.36 (KHTML, like Gecko) Chrome/62.0.3202.94 Mobile Safari/537.36"
10.161.14.173 - - [27/Nov/2017:12:50:17 +0000] "GET /vivr/home HTTP/1.1" 200 4838 "https://10.161.9.38/requestfullname" "Mozilla/5.0 (Linux; Android 6.0; Nexus 5 Build/MRA58N) AppleWebKit/537.36 (KHTML, like Gecko) Chrome/62.0.3202.94 Mobile Safari/537.36"
10.161.14.173 - - [27/Nov/2017:12:50:17 +0000] "GET /1301/css/style.css HTTP/1.1" 200 472 "https://10.161.9.38/vivr/home" "Mozilla/5.0 (Linux; Android 6.0; Nexus 5 Build/MRA58N) AppleWebKit/537.36 (KHTML, like Gecko) Chrome/62.0.3202.94 Mobile Safari/537.36"
10.161.14.173 - - [27/Nov/2017:12:50:17 +0000] "GET /1301/images/logo.gif HTTP/1.1" 304 - "https://10.161.9.38/vivr/home" "Mozilla/5.0 (Linux; Android 6.0; Nexus 5 Build/MRA58N) AppleWebKit/537.36 (KHTML, like Gecko) Chrome/62.0.3202.94 Mobile Safari/537.36"
86.31.144.69 - - [27/Nov/2017:12:50:20 +0000] "POST / HTTP/1.1" 404 140 "-" "Mozilla/5.0 (Windows NT 6.3; WOW64; Trident/7.0; rv:11.0) like Gecko"
10.161.14.173 - - [27/Nov/2017:12:51:34 +0000] "GET /vivr/pagaora HTTP/1.1" 200 10962 "https://10.161.9.38/vivr/home" "Mozilla/5.0 (Linux; Android 6.0; Nexus 5 Build/MRA58N) AppleWebKit/537.36 (KHTML, like Gecko) Chrome/62.0.3202.94 Mobile Safari/537.36"
10.161.14.173 - - [27/Nov/2017:12:51:34 +0000] "GET /1301/css/style.css HTTP/1.1" 200 472 "https://10.161.9.38/vivr/pagaora" "Mozilla/5.0 (Linux; Android 6.0; Nexus 5 Build/MRA58N) AppleWebKit/537.36 (KHTML, like Gecko) Chrome/62.0.3202.94 Mobile Safari/537.36"
10.161.14.173 - - [27/Nov/2017:12:51:34 +0000] "GET /1301/images/logo.gif HTTP/1.1" 304 - "https://10.161.9.38/vivr/pagaora" "Mozilla/5.0 (Linux; Android 6.0; Nexus 5 Build/MRA58N) AppleWebKit/537.36 (KHTML, like Gecko) Chrome/62.0.3202.94 Mobile Safari/537.36"
10.161.14.173 - - [27/Nov/2017:12:51:37 +0000] "GET /callback/bollettino_pdf?id=1175 HTTP/1.1" 200 - "https://10.161.9.38/vivr/pagaora" "Mozilla/5.0 (Windows NT 10.0; Win64; x64) AppleWebKit/537.36 (KHTML, like Gecko) Chrome/62.0.3202.94 Safari/537.36"
86.31.144.69 - - [27/Nov/2017:12:52:20 +0000] "POST / HTTP/1.1" 404 140 "-" "Mozilla/5.0 (Windows NT 6.3; WOW64; Trident/7.0; rv:11.0) like Gecko"
86.31.144.69 - - [27/Nov/2017:12:54:20 +0000] "POST / HTTP/1.1" 404 140 "-" "Mozilla/5.0 (Windows NT 6.3; WOW64; Trident/7.0; rv:11.0) like Gecko"
86.31.144.69 - - [27/Nov/2017:12:56:20 +0000] "POST / HTTP/1.1" 404 140 "-" "Mozilla/5.0 (Windows NT 6.3; WOW64; Trident/7.0; rv:11.0) like Gecko"
86.31.144.69 - - [27/Nov/2017:12:58:20 +0000] "POST / HTTP/1.1" 404 140 "-" "Mozilla/5.0 (Windows NT 6.3; WOW64; Trident/7.0; rv:11.0) like Gecko"
86.31.144.69 - - [27/Nov/2017:13:00:20 +0000] "POST / HTTP/1.1" 404 140 "-" "Mozilla/5.0 (Windows NT 6.3; WOW64; Trident/7.0; rv:11.0) like Gecko"
86.31.144.69 - - [27/Nov/2017:13:02:21 +0000] "POST / HTTP/1.1" 404 140 "-" "Mozilla/5.0 (Windows NT 6.3; WOW64; Trident/7.0; rv:11.0) like Gecko"
86.31.144.69 - - [27/Nov/2017:13:04:21 +0000] "POST / HTTP/1.1" 404 140 "-" "Mozilla/5.0 (Windows NT 6.3; WOW64; Trident/7.0; rv:11.0) like Gecko"
86.31.144.69 - - [27/Nov/2017:13:06:21 +0000] "POST / HTTP/1.1" 404 140 "-" "Mozilla/5.0 (Windows NT 6.3; WOW64; Trident/7.0; rv:11.0) like Gecko"
86.31.144.69 - - [27/Nov/2017:13:08:21 +0000] "POST / HTTP/1.1" 404 140 "-" "Mozilla/5.0 (Windows NT 6.3; WOW64; Trident/7.0; rv:11.0) like Gecko"
86.31.144.69 - - [27/Nov/2017:13:10:21 +0000] "POST / HTTP/1.1" 404 140 "-" "Mozilla/5.0 (Windows NT 6.3; WOW64; Trident/7.0; rv:11.0) like Gecko"
184.105.247.194 - - [27/Nov/2017:13:12:18 +0000] "GET / HTTP/1.1" 404 139 "-" "-"
86.31.144.69 - - [27/Nov/2017:13:12:21 +0000] "POST / HTTP/1.1" 404 140 "-" "Mozilla/5.0 (Windows NT 6.3; WOW64; Trident/7.0; rv:11.0) like Gecko"
184.105.247.194 - - [27/Nov/2017:13:13:23 +0000] "GET / HTTP/1.1" 404 139 "-" "-"
86.31.144.69 - - [27/Nov/2017:13:14:22 +0000] "POST / HTTP/1.1" 404 140 "-" "Mozilla/5.0 (Windows NT 6.3; WOW64; Trident/7.0; rv:11.0) like Gecko"
86.31.144.69 - - [27/Nov/2017:13:16:22 +0000] "POST / HTTP/1.1" 404 140 "-" "Mozilla/5.0 (Windows NT 6.3; WOW64; Trident/7.0; rv:11.0) like Gecko"
86.31.144.69 - - [27/Nov/2017:13:18:22 +0000] "POST / HTTP/1.1" 404 140 "-" "Mozilla/5.0 (Windows NT 6.3; WOW64; Trident/7.0; rv:11.0) like Gecko"
86.31.144.69 - - [27/Nov/2017:13:20:22 +0000] "POST / HTTP/1.1" 404 140 "-" "Mozilla/5.0 (Windows NT 6.3; WOW64; Trident/7.0; rv:11.0) like Gecko"
86.31.144.69 - - [27/Nov/2017:13:22:22 +0000] "POST / HTTP/1.1" 404 140 "-" "Mozilla/5.0 (Windows NT 6.3; WOW64; Trident/7.0; rv:11.0) like Gecko"
86.31.144.69 - - [27/Nov/2017:13:24:23 +0000] "POST / HTTP/1.1" 404 140 "-" "Mozilla/5.0 (Windows NT 6.3; WOW64; Trident/7.0; rv:11.0) like Gecko"
86.31.144.69 - - [27/Nov/2017:13:26:23 +0000] "POST / HTTP/1.1" 404 140 "-" "Mozilla/5.0 (Windows NT 6.3; WOW64; Trident/7.0; rv:11.0) like Gecko"
86.31.144.69 - - [27/Nov/2017:13:28:23 +0000] "POST / HTTP/1.1" 404 140 "-" "Mozilla/5.0 (Windows NT 6.3; WOW64; Trident/7.0; rv:11.0) like Gecko"
10.161.14.173 - - [27/Nov/2017:13:29:42 +0000] "GET /fastw HTTP/1.1" 500 3800 "-" "Mozilla/5.0 (Linux; Android 6.0; Nexus 5 Build/MRA58N) AppleWebKit/537.36 (KHTML, like Gecko) Chrome/62.0.3202.94 Mobile Safari/537.36"
10.161.14.173 - - [27/Nov/2017:13:29:42 +0000] "GET /default/css/style.css HTTP/1.1" 200 472 "https://10.161.9.38/fastw" "Mozilla/5.0 (Linux; Android 6.0; Nexus 5 Build/MRA58N) AppleWebKit/537.36 (KHTML, like Gecko) Chrome/62.0.3202.94 Mobile Safari/537.36"
10.161.14.173 - - [27/Nov/2017:13:29:42 +0000] "GET /default/images/logo.gif HTTP/1.1" 200 43 "https://10.161.9.38/fastw" "Mozilla/5.0 (Linux; Android 6.0; Nexus 5 Build/MRA58N) AppleWebKit/537.36 (KHTML, like Gecko) Chrome/62.0.3202.94 Mobile Safari/537.36"
10.161.14.173 - - [27/Nov/2017:13:29:43 +0000] "GET /default/favicon.ico HTTP/1.1" 404 158 "https://10.161.9.38/fastw" "Mozilla/5.0 (Linux; Android 6.0; Nexus 5 Build/MRA58N) AppleWebKit/537.36 (KHTML, like Gecko) Chrome/62.0.3202.94 Mobile Safari/537.36"
86.31.144.69 - - [27/Nov/2017:13:30:23 +0000] "POST / HTTP/1.1" 404 140 "-" "Mozilla/5.0 (Windows NT 6.3; WOW64; Trident/7.0; rv:11.0) like Gecko"
10.161.14.173 - - [27/Nov/2017:13:30:56 +0000] "GET /fastw HTTP/1.1" 500 3800 "-" "Mozilla/5.0 (Linux; Android 6.0; Nexus 5 Build/MRA58N) AppleWebKit/537.36 (KHTML, like Gecko) Chrome/62.0.3202.94 Mobile Safari/537.36"
10.161.14.173 - - [27/Nov/2017:13:30:56 +0000] "GET /default/css/style.css HTTP/1.1" 200 472 "https://10.161.9.38/fastw" "Mozilla/5.0 (Linux; Android 6.0; Nexus 5 Build/MRA58N) AppleWebKit/537.36 (KHTML, like Gecko) Chrome/62.0.3202.94 Mobile Safari/537.36"
10.161.14.173 - - [27/Nov/2017:13:30:56 +0000] "GET /default/images/logo.gif HTTP/1.1" 304 - "https://10.161.9.38/fastw" "Mozilla/5.0 (Linux; Android 6.0; Nexus 5 Build/MRA58N) AppleWebKit/537.36 (KHTML, like Gecko) Chrome/62.0.3202.94 Mobile Safari/537.36"
10.161.14.173 - - [27/Nov/2017:13:31:40 +0000] "GET /fastw HTTP/1.1" 302 72 "-" "Mozilla/5.0 (Linux; Android 6.0; Nexus 5 Build/MRA58N) AppleWebKit/537.36 (KHTML, like Gecko) Chrome/62.0.3202.94 Mobile Safari/537.36"
10.161.14.173 - - [27/Nov/2017:13:31:40 +0000] "GET /requestsecret HTTP/1.1" 200 4308 "-" "Mozilla/5.0 (Linux; Android 6.0; Nexus 5 Build/MRA58N) AppleWebKit/537.36 (KHTML, like Gecko) Chrome/62.0.3202.94 Mobile Safari/537.36"
10.161.14.173 - - [27/Nov/2017:13:31:40 +0000] "GET /1301/css/style.css HTTP/1.1" 200 472 "https://10.161.9.38/requestsecret" "Mozilla/5.0 (Linux; Android 6.0; Nexus 5 Build/MRA58N) AppleWebKit/537.36 (KHTML, like Gecko) Chrome/62.0.3202.94 Mobile Safari/537.36"
10.161.14.173 - - [27/Nov/2017:13:31:40 +0000] "GET /1301/images/logo.gif HTTP/1.1" 200 230254 "https://10.161.9.38/requestsecret" "Mozilla/5.0 (Linux; Android 6.0; Nexus 5 Build/MRA58N) AppleWebKit/537.36 (KHTML, like Gecko) Chrome/62.0.3202.94 Mobile Safari/537.36"
10.161.14.173 - - [27/Nov/2017:13:31:44 +0000] "POST /requestsecret HTTP/1.1" 302 76 "https://10.161.9.38/requestsecret" "Mozilla/5.0 (Linux; Android 6.0; Nexus 5 Build/MRA58N) AppleWebKit/537.36 (KHTML, like Gecko) Chrome/62.0.3202.94 Mobile Safari/537.36"
10.161.14.173 - - [27/Nov/2017:13:31:44 +0000] "GET /requestfullname HTTP/1.1" 200 4222 "https://10.161.9.38/requestsecret" "Mozilla/5.0 (Linux; Android 6.0; Nexus 5 Build/MRA58N) AppleWebKit/537.36 (KHTML, like Gecko) Chrome/62.0.3202.94 Mobile Safari/537.36"
10.161.14.173 - - [27/Nov/2017:13:31:44 +0000] "GET /1301/css/style.css HTTP/1.1" 200 472 "https://10.161.9.38/requestfullname" "Mozilla/5.0 (Linux; Android 6.0; Nexus 5 Build/MRA58N) AppleWebKit/537.36 (KHTML, like Gecko) Chrome/62.0.3202.94 Mobile Safari/537.36"
10.161.14.173 - - [27/Nov/2017:13:31:44 +0000] "GET /1301/images/logo.gif HTTP/1.1" 304 - "https://10.161.9.38/requestfullname" "Mozilla/5.0 (Linux; Android 6.0; Nexus 5 Build/MRA58N) AppleWebKit/537.36 (KHTML, like Gecko) Chrome/62.0.3202.94 Mobile Safari/537.36"
10.161.14.173 - - [27/Nov/2017:13:31:45 +0000] "POST /requestfullname HTTP/1.1" 302 64 "https://10.161.9.38/requestfullname" "Mozilla/5.0 (Linux; Android 6.0; Nexus 5 Build/MRA58N) AppleWebKit/537.36 (KHTML, like Gecko) Chrome/62.0.3202.94 Mobile Safari/537.36"
10.161.14.173 - - [27/Nov/2017:13:31:45 +0000] "GET /vivr/home HTTP/1.1" 200 4838 "https://10.161.9.38/requestfullname" "Mozilla/5.0 (Linux; Android 6.0; Nexus 5 Build/MRA58N) AppleWebKit/537.36 (KHTML, like Gecko) Chrome/62.0.3202.94 Mobile Safari/537.36"
10.161.14.173 - - [27/Nov/2017:13:31:45 +0000] "GET /1301/css/style.css HTTP/1.1" 200 472 "https://10.161.9.38/vivr/home" "Mozilla/5.0 (Linux; Android 6.0; Nexus 5 Build/MRA58N) AppleWebKit/537.36 (KHTML, like Gecko) Chrome/62.0.3202.94 Mobile Safari/537.36"
10.161.14.173 - - [27/Nov/2017:13:31:45 +0000] "GET /1301/images/logo.gif HTTP/1.1" 304 - "https://10.161.9.38/vivr/home" "Mozilla/5.0 (Linux; Android 6.0; Nexus 5 Build/MRA58N) AppleWebKit/537.36 (KHTML, like Gecko) Chrome/62.0.3202.94 Mobile Safari/537.36"
10.161.14.173 - - [27/Nov/2017:13:31:48 +0000] "GET /vivr/informazionimandato HTTP/1.1" 200 7048 "https://10.161.9.38/vivr/home" "Mozilla/5.0 (Linux; Android 6.0; Nexus 5 Build/MRA58N) AppleWebKit/537.36 (KHTML, like Gecko) Chrome/62.0.3202.94 Mobile Safari/537.36"
10.161.14.173 - - [27/Nov/2017:13:31:48 +0000] "GET /1301/css/style.css HTTP/1.1" 200 472 "https://10.161.9.38/vivr/informazionimandato" "Mozilla/5.0 (Linux; Android 6.0; Nexus 5 Build/MRA58N) AppleWebKit/537.36 (KHTML, like Gecko) Chrome/62.0.3202.94 Mobile Safari/537.36"
10.161.14.173 - - [27/Nov/2017:13:31:48 +0000] "GET /1301/images/logo.gif HTTP/1.1" 304 - "https://10.161.9.38/vivr/informazionimandato" "Mozilla/5.0 (Linux; Android 6.0; Nexus 5 Build/MRA58N) AppleWebKit/537.36 (KHTML, like Gecko) Chrome/62.0.3202.94 Mobile Safari/537.36"
86.31.144.69 - - [27/Nov/2017:13:32:23 +0000] "POST / HTTP/1.1" 404 140 "-" "Mozilla/5.0 (Windows NT 6.3; WOW64; Trident/7.0; rv:11.0) like Gecko"
10.161.14.173 - - [27/Nov/2017:13:33:04 +0000] "GET /vivr/informazionimandato HTTP/1.1" 200 7048 "https://10.161.9.38/vivr/home" "Mozilla/5.0 (Linux; Android 6.0; Nexus 5 Build/MRA58N) AppleWebKit/537.36 (KHTML, like Gecko) Chrome/62.0.3202.94 Mobile Safari/537.36"
10.161.14.173 - - [27/Nov/2017:13:33:04 +0000] "GET /1301/css/style.css HTTP/1.1" 200 472 "https://10.161.9.38/vivr/informazionimandato" "Mozilla/5.0 (Linux; Android 6.0; Nexus 5 Build/MRA58N) AppleWebKit/537.36 (KHTML, like Gecko) Chrome/62.0.3202.94 Mobile Safari/537.36"
10.161.14.173 - - [27/Nov/2017:13:33:04 +0000] "GET /1301/images/logo.gif HTTP/1.1" 304 - "https://10.161.9.38/vivr/informazionimandato" "Mozilla/5.0 (Linux; Android 6.0; Nexus 5 Build/MRA58N) AppleWebKit/537.36 (KHTML, like Gecko) Chrome/62.0.3202.94 Mobile Safari/537.36"
10.161.14.173 - - [27/Nov/2017:13:33:07 +0000] "GET /vivr/informazionimandato HTTP/1.1" 200 7048 "https://10.161.9.38/vivr/home" "Mozilla/5.0 (Linux; Android 6.0; Nexus 5 Build/MRA58N) AppleWebKit/537.36 (KHTML, like Gecko) Chrome/62.0.3202.94 Mobile Safari/537.36"
10.161.14.173 - - [27/Nov/2017:13:33:07 +0000] "GET /1301/css/style.css HTTP/1.1" 200 472 "https://10.161.9.38/vivr/informazionimandato" "Mozilla/5.0 (Linux; Android 6.0; Nexus 5 Build/MRA58N) AppleWebKit/537.36 (KHTML, like Gecko) Chrome/62.0.3202.94 Mobile Safari/537.36"
10.161.14.173 - - [27/Nov/2017:13:33:07 +0000] "GET /1301/images/logo.gif HTTP/1.1" 304 - "https://10.161.9.38/vivr/informazionimandato" "Mozilla/5.0 (Linux; Android 6.0; Nexus 5 Build/MRA58N) AppleWebKit/537.36 (KHTML, like Gecko) Chrome/62.0.3202.94 Mobile Safari/537.36"
10.161.14.173 - - [27/Nov/2017:13:33:08 +0000] "GET /vivr/informazionimandato HTTP/1.1" 200 7048 "https://10.161.9.38/vivr/home" "Mozilla/5.0 (Linux; Android 6.0; Nexus 5 Build/MRA58N) AppleWebKit/537.36 (KHTML, like Gecko) Chrome/62.0.3202.94 Mobile Safari/537.36"
10.161.14.173 - - [27/Nov/2017:13:33:09 +0000] "GET /1301/css/style.css HTTP/1.1" 200 472 "https://10.161.9.38/vivr/informazionimandato" "Mozilla/5.0 (Linux; Android 6.0; Nexus 5 Build/MRA58N) AppleWebKit/537.36 (KHTML, like Gecko) Chrome/62.0.3202.94 Mobile Safari/537.36"
10.161.14.173 - - [27/Nov/2017:13:33:09 +0000] "GET /1301/images/logo.gif HTTP/1.1" 304 - "https://10.161.9.38/vivr/informazionimandato" "Mozilla/5.0 (Linux; Android 6.0; Nexus 5 Build/MRA58N) AppleWebKit/537.36 (KHTML, like Gecko) Chrome/62.0.3202.94 Mobile Safari/537.36"
10.161.14.173 - - [27/Nov/2017:13:33:16 +0000] "GET /fastw HTTP/1.1" 302 72 "-" "Mozilla/5.0 (Linux; Android 6.0; Nexus 5 Build/MRA58N) AppleWebKit/537.36 (KHTML, like Gecko) Chrome/62.0.3202.94 Mobile Safari/537.36"
10.161.14.173 - - [27/Nov/2017:13:33:16 +0000] "GET /requestsecret HTTP/1.1" 200 4308 "-" "Mozilla/5.0 (Linux; Android 6.0; Nexus 5 Build/MRA58N) AppleWebKit/537.36 (KHTML, like Gecko) Chrome/62.0.3202.94 Mobile Safari/537.36"
10.161.14.173 - - [27/Nov/2017:13:33:16 +0000] "GET /1301/css/style.css HTTP/1.1" 200 472 "https://10.161.9.38/requestsecret" "Mozilla/5.0 (Linux; Android 6.0; Nexus 5 Build/MRA58N) AppleWebKit/537.36 (KHTML, like Gecko) Chrome/62.0.3202.94 Mobile Safari/537.36"
10.161.14.173 - - [27/Nov/2017:13:33:16 +0000] "GET /1301/images/logo.gif HTTP/1.1" 304 - "https://10.161.9.38/requestsecret" "Mozilla/5.0 (Linux; Android 6.0; Nexus 5 Build/MRA58N) AppleWebKit/537.36 (KHTML, like Gecko) Chrome/62.0.3202.94 Mobile Safari/537.36"
10.161.14.173 - - [27/Nov/2017:13:33:19 +0000] "POST /requestsecret HTTP/1.1" 302 76 "https://10.161.9.38/requestsecret" "Mozilla/5.0 (Linux; Android 6.0; Nexus 5 Build/MRA58N) AppleWebKit/537.36 (KHTML, like Gecko) Chrome/62.0.3202.94 Mobile Safari/537.36"
10.161.14.173 - - [27/Nov/2017:13:33:19 +0000] "GET /requestfullname HTTP/1.1" 200 4222 "https://10.161.9.38/requestsecret" "Mozilla/5.0 (Linux; Android 6.0; Nexus 5 Build/MRA58N) AppleWebKit/537.36 (KHTML, like Gecko) Chrome/62.0.3202.94 Mobile Safari/537.36"
10.161.14.173 - - [27/Nov/2017:13:33:19 +0000] "GET /1301/css/style.css HTTP/1.1" 200 472 "https://10.161.9.38/requestfullname" "Mozilla/5.0 (Linux; Android 6.0; Nexus 5 Build/MRA58N) AppleWebKit/537.36 (KHTML, like Gecko) Chrome/62.0.3202.94 Mobile Safari/537.36"
10.161.14.173 - - [27/Nov/2017:13:33:19 +0000] "GET /1301/images/logo.gif HTTP/1.1" 304 - "https://10.161.9.38/requestfullname" "Mozilla/5.0 (Linux; Android 6.0; Nexus 5 Build/MRA58N) AppleWebKit/537.36 (KHTML, like Gecko) Chrome/62.0.3202.94 Mobile Safari/537.36"
10.161.14.173 - - [27/Nov/2017:13:33:20 +0000] "POST /requestfullname HTTP/1.1" 302 64 "https://10.161.9.38/requestfullname" "Mozilla/5.0 (Linux; Android 6.0; Nexus 5 Build/MRA58N) AppleWebKit/537.36 (KHTML, like Gecko) Chrome/62.0.3202.94 Mobile Safari/537.36"
10.161.14.173 - - [27/Nov/2017:13:33:20 +0000] "GET /vivr/home HTTP/1.1" 200 4838 "https://10.161.9.38/requestfullname" "Mozilla/5.0 (Linux; Android 6.0; Nexus 5 Build/MRA58N) AppleWebKit/537.36 (KHTML, like Gecko) Chrome/62.0.3202.94 Mobile Safari/537.36"
10.161.14.173 - - [27/Nov/2017:13:33:20 +0000] "GET /1301/css/style.css HTTP/1.1" 200 472 "https://10.161.9.38/vivr/home" "Mozilla/5.0 (Linux; Android 6.0; Nexus 5 Build/MRA58N) AppleWebKit/537.36 (KHTML, like Gecko) Chrome/62.0.3202.94 Mobile Safari/537.36"
10.161.14.173 - - [27/Nov/2017:13:33:20 +0000] "GET /1301/images/logo.gif HTTP/1.1" 304 - "https://10.161.9.38/vivr/home" "Mozilla/5.0 (Linux; Android 6.0; Nexus 5 Build/MRA58N) AppleWebKit/537.36 (KHTML, like Gecko) Chrome/62.0.3202.94 Mobile Safari/537.36"
10.161.14.173 - - [27/Nov/2017:13:33:22 +0000] "GET /vivr/informazionimandato HTTP/1.1" 200 7048 "https://10.161.9.38/vivr/home" "Mozilla/5.0 (Linux; Android 6.0; Nexus 5 Build/MRA58N) AppleWebKit/537.36 (KHTML, like Gecko) Chrome/62.0.3202.94 Mobile Safari/537.36"
10.161.14.173 - - [27/Nov/2017:13:33:22 +0000] "GET /1301/css/style.css HTTP/1.1" 200 472 "https://10.161.9.38/vivr/informazionimandato" "Mozilla/5.0 (Linux; Android 6.0; Nexus 5 Build/MRA58N) AppleWebKit/537.36 (KHTML, like Gecko) Chrome/62.0.3202.94 Mobile Safari/537.36"
10.161.14.173 - - [27/Nov/2017:13:33:22 +0000] "GET /1301/images/logo.gif HTTP/1.1" 304 - "https://10.161.9.38/vivr/informazionimandato" "Mozilla/5.0 (Linux; Android 6.0; Nexus 5 Build/MRA58N) AppleWebKit/537.36 (KHTML, like Gecko) Chrome/62.0.3202.94 Mobile Safari/537.36"
86.31.144.69 - - [27/Nov/2017:13:34:23 +0000] "POST / HTTP/1.1" 404 140 "-" "Mozilla/5.0 (Windows NT 6.3; WOW64; Trident/7.0; rv:11.0) like Gecko"
86.31.144.69 - - [27/Nov/2017:13:36:24 +0000] "POST / HTTP/1.1" 404 140 "-" "Mozilla/5.0 (Windows NT 6.3; WOW64; Trident/7.0; rv:11.0) like Gecko"
139.162.78.135 - - [27/Nov/2017:13:37:49 +0000] "GET / HTTP/1.1" 404 139 "-" "Mozilla/5.0 (Windows NT 10.0; WOW64) AppleWebKit/537.36 (KHTML, like Gecko) Chrome/45.0.2454.101 Safari/537.36"
86.31.144.69 - - [27/Nov/2017:13:38:24 +0000] "POST / HTTP/1.1" 404 140 "-" "Mozilla/5.0 (Windows NT 6.3; WOW64; Trident/7.0; rv:11.0) like Gecko"
86.31.144.69 - - [27/Nov/2017:13:40:24 +0000] "POST / HTTP/1.1" 404 140 "-" "Mozilla/5.0 (Windows NT 6.3; WOW64; Trident/7.0; rv:11.0) like Gecko"
86.31.144.69 - - [27/Nov/2017:13:42:24 +0000] "POST / HTTP/1.1" 404 140 "-" "Mozilla/5.0 (Windows NT 6.3; WOW64; Trident/7.0; rv:11.0) like Gecko"
86.31.144.69 - - [27/Nov/2017:13:44:25 +0000] "POST / HTTP/1.1" 404 140 "-" "Mozilla/5.0 (Windows NT 6.3; WOW64; Trident/7.0; rv:11.0) like Gecko"
86.31.144.69 - - [27/Nov/2017:13:46:25 +0000] "POST / HTTP/1.1" 404 140 "-" "Mozilla/5.0 (Windows NT 6.3; WOW64; Trident/7.0; rv:11.0) like Gecko"
86.31.144.69 - - [27/Nov/2017:13:48:25 +0000] "POST / HTTP/1.1" 404 140 "-" "Mozilla/5.0 (Windows NT 6.3; WOW64; Trident/7.0; rv:11.0) like Gecko"
86.31.144.69 - - [27/Nov/2017:13:50:25 +0000] "POST / HTTP/1.1" 404 140 "-" "Mozilla/5.0 (Windows NT 6.3; WOW64; Trident/7.0; rv:11.0) like Gecko"
10.161.14.173 - - [27/Nov/2017:13:52:52 +0000] "GET /fastw HTTP/1.1" 500 6 "-" "Mozilla/5.0 (Linux; Android 6.0; Nexus 5 Build/MRA58N) AppleWebKit/537.36 (KHTML, like Gecko) Chrome/62.0.3202.94 Mobile Safari/537.36"
86.31.144.69 - - [27/Nov/2017:13:54:26 +0000] "POST / HTTP/1.1" 404 140 "-" "Mozilla/5.0 (Windows NT 6.3; WOW64; Trident/7.0; rv:11.0) like Gecko"
10.161.14.173 - - [27/Nov/2017:13:54:27 +0000] "GET /fastw HTTP/1.1" 302 72 "-" "Mozilla/5.0 (Linux; Android 6.0; Nexus 5 Build/MRA58N) AppleWebKit/537.36 (KHTML, like Gecko) Chrome/62.0.3202.94 Mobile Safari/537.36"
10.161.14.173 - - [27/Nov/2017:13:54:27 +0000] "GET /requestsecret HTTP/1.1" 200 4308 "-" "Mozilla/5.0 (Linux; Android 6.0; Nexus 5 Build/MRA58N) AppleWebKit/537.36 (KHTML, like Gecko) Chrome/62.0.3202.94 Mobile Safari/537.36"
10.161.14.173 - - [27/Nov/2017:13:54:27 +0000] "GET /1301/css/style.css HTTP/1.1" 200 472 "https://10.161.9.38/requestsecret" "Mozilla/5.0 (Linux; Android 6.0; Nexus 5 Build/MRA58N) AppleWebKit/537.36 (KHTML, like Gecko) Chrome/62.0.3202.94 Mobile Safari/537.36"
10.161.14.173 - - [27/Nov/2017:13:54:27 +0000] "GET /1301/images/logo.gif HTTP/1.1" 304 - "https://10.161.9.38/requestsecret" "Mozilla/5.0 (Linux; Android 6.0; Nexus 5 Build/MRA58N) AppleWebKit/537.36 (KHTML, like Gecko) Chrome/62.0.3202.94 Mobile Safari/537.36"
10.161.14.173 - - [27/Nov/2017:13:54:31 +0000] "POST /requestsecret HTTP/1.1" 302 76 "https://10.161.9.38/requestsecret" "Mozilla/5.0 (Linux; Android 6.0; Nexus 5 Build/MRA58N) AppleWebKit/537.36 (KHTML, like Gecko) Chrome/62.0.3202.94 Mobile Safari/537.36"
10.161.14.173 - - [27/Nov/2017:13:54:31 +0000] "GET /requestfullname HTTP/1.1" 200 4222 "https://10.161.9.38/requestsecret" "Mozilla/5.0 (Linux; Android 6.0; Nexus 5 Build/MRA58N) AppleWebKit/537.36 (KHTML, like Gecko) Chrome/62.0.3202.94 Mobile Safari/537.36"
10.161.14.173 - - [27/Nov/2017:13:54:31 +0000] "GET /1301/css/style.css HTTP/1.1" 200 472 "https://10.161.9.38/requestfullname" "Mozilla/5.0 (Linux; Android 6.0; Nexus 5 Build/MRA58N) AppleWebKit/537.36 (KHTML, like Gecko) Chrome/62.0.3202.94 Mobile Safari/537.36"
10.161.14.173 - - [27/Nov/2017:13:54:31 +0000] "GET /1301/images/logo.gif HTTP/1.1" 304 - "https://10.161.9.38/requestfullname" "Mozilla/5.0 (Linux; Android 6.0; Nexus 5 Build/MRA58N) AppleWebKit/537.36 (KHTML, like Gecko) Chrome/62.0.3202.94 Mobile Safari/537.36"
10.161.14.173 - - [27/Nov/2017:13:54:33 +0000] "POST /requestfullname HTTP/1.1" 302 64 "https://10.161.9.38/requestfullname" "Mozilla/5.0 (Linux; Android 6.0; Nexus 5 Build/MRA58N) AppleWebKit/537.36 (KHTML, like Gecko) Chrome/62.0.3202.94 Mobile Safari/537.36"
10.161.14.173 - - [27/Nov/2017:13:54:33 +0000] "GET /vivr/home HTTP/1.1" 200 4838 "https://10.161.9.38/requestfullname" "Mozilla/5.0 (Linux; Android 6.0; Nexus 5 Build/MRA58N) AppleWebKit/537.36 (KHTML, like Gecko) Chrome/62.0.3202.94 Mobile Safari/537.36"
10.161.14.173 - - [27/Nov/2017:13:54:33 +0000] "GET /1301/css/style.css HTTP/1.1" 200 472 "https://10.161.9.38/vivr/home" "Mozilla/5.0 (Linux; Android 6.0; Nexus 5 Build/MRA58N) AppleWebKit/537.36 (KHTML, like Gecko) Chrome/62.0.3202.94 Mobile Safari/537.36"
10.161.14.173 - - [27/Nov/2017:13:54:33 +0000] "GET /1301/images/logo.gif HTTP/1.1" 304 - "https://10.161.9.38/vivr/home" "Mozilla/5.0 (Linux; Android 6.0; Nexus 5 Build/MRA58N) AppleWebKit/537.36 (KHTML, like Gecko) Chrome/62.0.3202.94 Mobile Safari/537.36"
10.161.14.173 - - [27/Nov/2017:13:55:42 +0000] "GET /vivr/anagrafica HTTP/1.1" 200 4755 "https://10.161.9.38/vivr/home" "Mozilla/5.0 (Linux; Android 6.0; Nexus 5 Build/MRA58N) AppleWebKit/537.36 (KHTML, like Gecko) Chrome/62.0.3202.94 Mobile Safari/537.36"
10.161.14.173 - - [27/Nov/2017:13:55:42 +0000] "GET /1301/css/style.css HTTP/1.1" 200 472 "https://10.161.9.38/vivr/anagrafica" "Mozilla/5.0 (Linux; Android 6.0; Nexus 5 Build/MRA58N) AppleWebKit/537.36 (KHTML, like Gecko) Chrome/62.0.3202.94 Mobile Safari/537.36"
10.161.14.173 - - [27/Nov/2017:13:55:42 +0000] "GET /1301/images/logo.gif HTTP/1.1" 304 - "https://10.161.9.38/vivr/anagrafica" "Mozilla/5.0 (Linux; Android 6.0; Nexus 5 Build/MRA58N) AppleWebKit/537.36 (KHTML, like Gecko) Chrome/62.0.3202.94 Mobile Safari/537.36"
10.161.14.173 - - [27/Nov/2017:13:55:43 +0000] "GET /vivr/informazionimandato HTTP/1.1" 200 7048 "https://10.161.9.38/vivr/anagrafica" "Mozilla/5.0 (Linux; Android 6.0; Nexus 5 Build/MRA58N) AppleWebKit/537.36 (KHTML, like Gecko) Chrome/62.0.3202.94 Mobile Safari/537.36"
10.161.14.173 - - [27/Nov/2017:13:55:44 +0000] "GET /1301/css/style.css HTTP/1.1" 200 472 "https://10.161.9.38/vivr/informazionimandato" "Mozilla/5.0 (Linux; Android 6.0; Nexus 5 Build/MRA58N) AppleWebKit/537.36 (KHTML, like Gecko) Chrome/62.0.3202.94 Mobile Safari/537.36"
10.161.14.173 - - [27/Nov/2017:13:55:44 +0000] "GET /1301/images/logo.gif HTTP/1.1" 304 - "https://10.161.9.38/vivr/informazionimandato" "Mozilla/5.0 (Linux; Android 6.0; Nexus 5 Build/MRA58N) AppleWebKit/537.36 (KHTML, like Gecko) Chrome/62.0.3202.94 Mobile Safari/537.36"
10.161.14.173 - - [27/Nov/2017:13:55:45 +0000] "GET /vivr/sendmessage HTTP/1.1" 200 5340 "https://10.161.9.38/vivr/informazionimandato" "Mozilla/5.0 (Linux; Android 6.0; Nexus 5 Build/MRA58N) AppleWebKit/537.36 (KHTML, like Gecko) Chrome/62.0.3202.94 Mobile Safari/537.36"
10.161.14.173 - - [27/Nov/2017:13:55:46 +0000] "GET /1301/css/style.css HTTP/1.1" 200 472 "https://10.161.9.38/vivr/sendmessage" "Mozilla/5.0 (Linux; Android 6.0; Nexus 5 Build/MRA58N) AppleWebKit/537.36 (KHTML, like Gecko) Chrome/62.0.3202.94 Mobile Safari/537.36"
10.161.14.173 - - [27/Nov/2017:13:55:46 +0000] "GET /1301/images/logo.gif HTTP/1.1" 304 - "https://10.161.9.38/vivr/sendmessage" "Mozilla/5.0 (Linux; Android 6.0; Nexus 5 Build/MRA58N) AppleWebKit/537.36 (KHTML, like Gecko) Chrome/62.0.3202.94 Mobile Safari/537.36"
10.161.14.173 - - [27/Nov/2017:13:55:48 +0000] "GET /vivr/home HTTP/1.1" 200 4838 "https://10.161.9.38/vivr/sendmessage" "Mozilla/5.0 (Linux; Android 6.0; Nexus 5 Build/MRA58N) AppleWebKit/537.36 (KHTML, like Gecko) Chrome/62.0.3202.94 Mobile Safari/537.36"
10.161.14.173 - - [27/Nov/2017:13:55:48 +0000] "GET /1301/images/logo.gif HTTP/1.1" 304 - "https://10.161.9.38/vivr/home" "Mozilla/5.0 (Linux; Android 6.0; Nexus 5 Build/MRA58N) AppleWebKit/537.36 (KHTML, like Gecko) Chrome/62.0.3202.94 Mobile Safari/537.36"
10.161.14.173 - - [27/Nov/2017:13:55:48 +0000] "GET /1301/css/style.css HTTP/1.1" 200 472 "https://10.161.9.38/vivr/home" "Mozilla/5.0 (Linux; Android 6.0; Nexus 5 Build/MRA58N) AppleWebKit/537.36 (KHTML, like Gecko) Chrome/62.0.3202.94 Mobile Safari/537.36"
86.31.144.69 - - [27/Nov/2017:13:56:26 +0000] "POST / HTTP/1.1" 404 140 "-" "Mozilla/5.0 (Windows NT 6.3; WOW64; Trident/7.0; rv:11.0) like Gecko"
10.161.14.173 - - [27/Nov/2017:13:57:49 +0000] "GET /vivr/anagrafica HTTP/1.1" 200 4755 "https://10.161.9.38/vivr/home" "Mozilla/5.0 (Linux; Android 6.0; Nexus 5 Build/MRA58N) AppleWebKit/537.36 (KHTML, like Gecko) Chrome/62.0.3202.94 Mobile Safari/537.36"
10.161.14.173 - - [27/Nov/2017:13:57:49 +0000] "GET /1301/css/style.css HTTP/1.1" 200 472 "https://10.161.9.38/vivr/anagrafica" "Mozilla/5.0 (Linux; Android 6.0; Nexus 5 Build/MRA58N) AppleWebKit/537.36 (KHTML, like Gecko) Chrome/62.0.3202.94 Mobile Safari/537.36"
10.161.14.173 - - [27/Nov/2017:13:57:49 +0000] "GET /1301/images/logo.gif HTTP/1.1" 304 - "https://10.161.9.38/vivr/anagrafica" "Mozilla/5.0 (Linux; Android 6.0; Nexus 5 Build/MRA58N) AppleWebKit/537.36 (KHTML, like Gecko) Chrome/62.0.3202.94 Mobile Safari/537.36"
86.31.144.69 - - [27/Nov/2017:13:58:26 +0000] "POST / HTTP/1.1" 404 140 "-" "Mozilla/5.0 (Windows NT 6.3; WOW64; Trident/7.0; rv:11.0) like Gecko"
10.161.14.173 - - [27/Nov/2017:13:59:29 +0000] "GET /fastw HTTP/1.1" 302 72 "-" "Mozilla/5.0 (Linux; Android 6.0; Nexus 5 Build/MRA58N) AppleWebKit/537.36 (KHTML, like Gecko) Chrome/62.0.3202.94 Mobile Safari/537.36"
10.161.14.173 - - [27/Nov/2017:13:59:30 +0000] "GET /requestsecret HTTP/1.1" 200 4494 "-" "Mozilla/5.0 (Linux; Android 6.0; Nexus 5 Build/MRA58N) AppleWebKit/537.36 (KHTML, like Gecko) Chrome/62.0.3202.94 Mobile Safari/537.36"
10.161.14.173 - - [27/Nov/2017:13:59:30 +0000] "GET /default/css/style.css HTTP/1.1" 200 472 "https://10.161.9.38/requestsecret" "Mozilla/5.0 (Linux; Android 6.0; Nexus 5 Build/MRA58N) AppleWebKit/537.36 (KHTML, like Gecko) Chrome/62.0.3202.94 Mobile Safari/537.36"
10.161.14.173 - - [27/Nov/2017:13:59:30 +0000] "GET /default/images/logo.gif HTTP/1.1" 200 43 "https://10.161.9.38/requestsecret" "Mozilla/5.0 (Linux; Android 6.0; Nexus 5 Build/MRA58N) AppleWebKit/537.36 (KHTML, like Gecko) Chrome/62.0.3202.94 Mobile Safari/537.36"
86.31.144.69 - - [27/Nov/2017:14:00:26 +0000] "POST / HTTP/1.1" 404 140 "-" "Mozilla/5.0 (Windows NT 6.3; WOW64; Trident/7.0; rv:11.0) like Gecko"
10.161.14.173 - - [27/Nov/2017:14:06:15 +0000] "GET /serfi HTTP/1.1" 302 72 "http://s97.srl/serfi" "Mozilla/5.0 (Windows NT 10.0; Win64; x64) AppleWebKit/537.36 (KHTML, like Gecko) Chrome/62.0.3202.94 Safari/537.36"
10.161.14.173 - - [27/Nov/2017:14:06:15 +0000] "GET /requestsecret HTTP/1.1" 200 4466 "http://s97.srl/serfi" "Mozilla/5.0 (Windows NT 10.0; Win64; x64) AppleWebKit/537.36 (KHTML, like Gecko) Chrome/62.0.3202.94 Safari/537.36"
10.161.14.173 - - [27/Nov/2017:14:06:15 +0000] "GET /default/css/style.css HTTP/1.1" 200 472 "http://10.161.9.38/requestsecret" "Mozilla/5.0 (Windows NT 10.0; Win64; x64) AppleWebKit/537.36 (KHTML, like Gecko) Chrome/62.0.3202.94 Safari/537.36"
10.161.14.173 - - [27/Nov/2017:14:06:15 +0000] "GET /default/images/logo.gif HTTP/1.1" 200 43 "http://10.161.9.38/requestsecret" "Mozilla/5.0 (Windows NT 10.0; Win64; x64) AppleWebKit/537.36 (KHTML, like Gecko) Chrome/62.0.3202.94 Safari/537.36"
10.161.14.173 - - [27/Nov/2017:14:06:15 +0000] "GET /default/favicon.ico HTTP/1.1" 404 158 "http://10.161.9.38/requestsecret" "Mozilla/5.0 (Windows NT 10.0; Win64; x64) AppleWebKit/537.36 (KHTML, like Gecko) Chrome/62.0.3202.94 Safari/537.36"
86.31.144.69 - - [27/Nov/2017:14:06:27 +0000] "POST / HTTP/1.1" 404 140 "-" "Mozilla/5.0 (Windows NT 6.3; WOW64; Trident/7.0; rv:11.0) like Gecko"
77.72.83.233 - - [27/Nov/2017:14:07:32 +0000] "GET / HTTP/1.1" 404 139 "-" "Mozilla"
10.161.14.173 - - [27/Nov/2017:14:07:53 +0000] "GET /serfin HTTP/1.1" 302 76 "-" "Mozilla/5.0 (Windows NT 10.0; Win64; x64) AppleWebKit/537.36 (KHTML, like Gecko) Chrome/62.0.3202.94 Safari/537.36"
10.161.14.173 - - [27/Nov/2017:14:07:53 +0000] "GET /codicenonvalido HTTP/1.1" 200 4708 "-" "Mozilla/5.0 (Windows NT 10.0; Win64; x64) AppleWebKit/537.36 (KHTML, like Gecko) Chrome/62.0.3202.94 Safari/537.36"
10.161.14.173 - - [27/Nov/2017:14:07:53 +0000] "GET /default/css/style.css HTTP/1.1" 304 - "http://10.161.9.38/codicenonvalido" "Mozilla/5.0 (Windows NT 10.0; Win64; x64) AppleWebKit/537.36 (KHTML, like Gecko) Chrome/62.0.3202.94 Safari/537.36"
10.161.14.173 - - [27/Nov/2017:14:07:53 +0000] "GET /default/images/logo.gif HTTP/1.1" 304 - "http://10.161.9.38/codicenonvalido" "Mozilla/5.0 (Windows NT 10.0; Win64; x64) AppleWebKit/537.36 (KHTML, like Gecko) Chrome/62.0.3202.94 Safari/537.36"
10.161.14.173 - - [27/Nov/2017:14:07:57 +0000] "GET /serfi HTTP/1.1" 302 72 "-" "Mozilla/5.0 (Windows NT 10.0; Win64; x64) AppleWebKit/537.36 (KHTML, like Gecko) Chrome/62.0.3202.94 Safari/537.36"
10.161.14.173 - - [27/Nov/2017:14:07:57 +0000] "GET /requestsecret HTTP/1.1" 200 4177 "-" "Mozilla/5.0 (Windows NT 10.0; Win64; x64) AppleWebKit/537.36 (KHTML, like Gecko) Chrome/62.0.3202.94 Safari/537.36"
10.161.14.173 - - [27/Nov/2017:14:07:57 +0000] "GET /23/css/style.css HTTP/1.1" 304 - "http://10.161.9.38/requestsecret" "Mozilla/5.0 (Windows NT 10.0; Win64; x64) AppleWebKit/537.36 (KHTML, like Gecko) Chrome/62.0.3202.94 Safari/537.36"
10.161.14.173 - - [27/Nov/2017:14:07:57 +0000] "GET /23/images/logo.png HTTP/1.1" 304 - "http://10.161.9.38/requestsecret" "Mozilla/5.0 (Windows NT 10.0; Win64; x64) AppleWebKit/537.36 (KHTML, like Gecko) Chrome/62.0.3202.94 Safari/537.36"
10.161.14.173 - - [27/Nov/2017:14:07:57 +0000] "GET /23/favicon.ico HTTP/1.1" 404 153 "http://10.161.9.38/requestsecret" "Mozilla/5.0 (Windows NT 10.0; Win64; x64) AppleWebKit/537.36 (KHTML, like Gecko) Chrome/62.0.3202.94 Safari/537.36"
86.31.144.69 - - [27/Nov/2017:14:08:27 +0000] "POST / HTTP/1.1" 404 140 "-" "Mozilla/5.0 (Windows NT 6.3; WOW64; Trident/7.0; rv:11.0) like Gecko"
10.161.14.173 - - [27/Nov/2017:14:14:49 +0000] "GET /serfi HTTP/1.1" 302 72 "-" "Mozilla/5.0 (Windows NT 10.0; Win64; x64) AppleWebKit/537.36 (KHTML, like Gecko) Chrome/62.0.3202.94 Safari/537.36"
10.161.14.173 - - [27/Nov/2017:14:14:49 +0000] "GET /requestsecret HTTP/1.1" 500 6 "-" "Mozilla/5.0 (Windows NT 10.0; Win64; x64) AppleWebKit/537.36 (KHTML, like Gecko) Chrome/62.0.3202.94 Safari/537.36"
10.161.14.173 - - [27/Nov/2017:14:14:49 +0000] "GET /favicon.ico HTTP/1.1" 404 150 "http://10.161.9.38/requestsecret" "Mozilla/5.0 (Windows NT 10.0; Win64; x64) AppleWebKit/537.36 (KHTML, like Gecko) Chrome/62.0.3202.94 Safari/537.36"
10.161.14.173 - - [27/Nov/2017:14:15:21 +0000] "GET /requestsecret HTTP/1.1" 500 6 "-" "Mozilla/5.0 (Windows NT 10.0; Win64; x64) AppleWebKit/537.36 (KHTML, like Gecko) Chrome/62.0.3202.94 Safari/537.36"
86.31.144.69 - - [27/Nov/2017:14:16:27 +0000] "POST / HTTP/1.1" 404 140 "-" "Mozilla/5.0 (Windows NT 6.3; WOW64; Trident/7.0; rv:11.0) like Gecko"
10.161.14.173 - - [27/Nov/2017:14:17:01 +0000] "GET /requestsecret HTTP/1.1" 500 9369 "-" "Mozilla/5.0 (Windows NT 10.0; Win64; x64) AppleWebKit/537.36 (KHTML, like Gecko) Chrome/62.0.3202.94 Safari/537.36"
10.161.14.173 - - [27/Nov/2017:14:17:54 +0000] "GET /requestsecret HTTP/1.1" 500 9369 "-" "Mozilla/5.0 (Windows NT 10.0; Win64; x64) AppleWebKit/537.36 (KHTML, like Gecko) Chrome/62.0.3202.94 Safari/537.36"
10.161.14.173 - - [27/Nov/2017:14:17:56 +0000] "GET /requestsecret HTTP/1.1" 500 9369 "-" "Mozilla/5.0 (Windows NT 10.0; Win64; x64) AppleWebKit/537.36 (KHTML, like Gecko) Chrome/62.0.3202.94 Safari/537.36"
10.161.14.173 - - [27/Nov/2017:14:17:57 +0000] "GET /requestsecret HTTP/1.1" 500 9369 "-" "Mozilla/5.0 (Windows NT 10.0; Win64; x64) AppleWebKit/537.36 (KHTML, like Gecko) Chrome/62.0.3202.94 Safari/537.36"
10.161.14.173 - - [27/Nov/2017:14:18:18 +0000] "GET /requestsecret HTTP/1.1" 500 9369 "-" "Mozilla/5.0 (Windows NT 10.0; Win64; x64) AppleWebKit/537.36 (KHTML, like Gecko) Chrome/62.0.3202.94 Safari/537.36"
86.31.144.69 - - [27/Nov/2017:14:18:28 +0000] "POST / HTTP/1.1" 404 140 "-" "Mozilla/5.0 (Windows NT 6.3; WOW64; Trident/7.0; rv:11.0) like Gecko"
10.161.14.173 - - [27/Nov/2017:14:19:08 +0000] "GET /requestsecret HTTP/1.1" 500 9369 "-" "Mozilla/5.0 (Windows NT 10.0; Win64; x64) AppleWebKit/537.36 (KHTML, like Gecko) Chrome/62.0.3202.94 Safari/537.36"
10.161.14.173 - - [27/Nov/2017:14:20:02 +0000] "GET /requestsecret HTTP/1.1" 500 9369 "-" "Mozilla/5.0 (Windows NT 10.0; Win64; x64) AppleWebKit/537.36 (KHTML, like Gecko) Chrome/62.0.3202.94 Safari/537.36"
10.161.14.173 - - [27/Nov/2017:14:20:13 +0000] "GET /fastw HTTP/1.1" 302 72 "-" "Mozilla/5.0 (Windows NT 10.0; Win64; x64) AppleWebKit/537.36 (KHTML, like Gecko) Chrome/62.0.3202.94 Safari/537.36"
10.161.14.173 - - [27/Nov/2017:14:20:13 +0000] "GET /requestsecret HTTP/1.1" 500 9586 "-" "Mozilla/5.0 (Windows NT 10.0; Win64; x64) AppleWebKit/537.36 (KHTML, like Gecko) Chrome/62.0.3202.94 Safari/537.36"
10.161.14.173 - - [27/Nov/2017:14:20:25 +0000] "GET /fastw HTTP/1.1" 302 72 "-" "Mozilla/5.0 (Windows NT 10.0; Win64; x64) AppleWebKit/537.36 (KHTML, like Gecko) Chrome/62.0.3202.94 Safari/537.36"
10.161.14.173 - - [27/Nov/2017:14:20:25 +0000] "GET /requestsecret HTTP/1.1" 500 9586 "-" "Mozilla/5.0 (Windows NT 10.0; Win64; x64) AppleWebKit/537.36 (KHTML, like Gecko) Chrome/62.0.3202.94 Safari/537.36"
86.31.144.69 - - [27/Nov/2017:14:20:28 +0000] "POST / HTTP/1.1" 404 140 "-" "Mozilla/5.0 (Windows NT 6.3; WOW64; Trident/7.0; rv:11.0) like Gecko"
10.161.14.173 - - [27/Nov/2017:14:21:26 +0000] "GET /fastw HTTP/1.1" 302 72 "-" "Mozilla/5.0 (Windows NT 10.0; Win64; x64) AppleWebKit/537.36 (KHTML, like Gecko) Chrome/62.0.3202.94 Safari/537.36"
10.161.14.173 - - [27/Nov/2017:14:21:26 +0000] "GET /requestsecret HTTP/1.1" 500 9586 "-" "Mozilla/5.0 (Windows NT 10.0; Win64; x64) AppleWebKit/537.36 (KHTML, like Gecko) Chrome/62.0.3202.94 Safari/537.36"
86.31.144.69 - - [27/Nov/2017:14:24:28 +0000] "POST / HTTP/1.1" 404 140 "-" "Mozilla/5.0 (Windows NT 6.3; WOW64; Trident/7.0; rv:11.0) like Gecko"
86.31.144.69 - - [27/Nov/2017:14:26:29 +0000] "POST / HTTP/1.1" 404 140 "-" "Mozilla/5.0 (Windows NT 6.3; WOW64; Trident/7.0; rv:11.0) like Gecko"
86.31.144.69 - - [27/Nov/2017:14:28:29 +0000] "POST / HTTP/1.1" 404 140 "-" "Mozilla/5.0 (Windows NT 6.3; WOW64; Trident/7.0; rv:11.0) like Gecko"
86.31.144.69 - - [27/Nov/2017:14:30:29 +0000] "POST / HTTP/1.1" 404 140 "-" "Mozilla/5.0 (Windows NT 6.3; WOW64; Trident/7.0; rv:11.0) like Gecko"
86.31.144.69 - - [27/Nov/2017:14:32:29 +0000] "POST / HTTP/1.1" 404 140 "-" "Mozilla/5.0 (Windows NT 6.3; WOW64; Trident/7.0; rv:11.0) like Gecko"
10.161.14.173 - - [27/Nov/2017:14:33:50 +0000] "GET /requestsecret HTTP/1.1" 500 9369 "-" "Mozilla/5.0 (Windows NT 10.0; Win64; x64) AppleWebKit/537.36 (KHTML, like Gecko) Chrome/62.0.3202.94 Safari/537.36"
86.31.144.69 - - [27/Nov/2017:14:34:29 +0000] "POST / HTTP/1.1" 404 140 "-" "Mozilla/5.0 (Windows NT 6.3; WOW64; Trident/7.0; rv:11.0) like Gecko"
10.161.14.173 - - [27/Nov/2017:14:35:14 +0000] "GET /requestsecret HTTP/1.1" 500 9586 "-" "Mozilla/5.0 (Windows NT 10.0; Win64; x64) AppleWebKit/537.36 (KHTML, like Gecko) Chrome/62.0.3202.94 Safari/537.36"
10.161.14.173 - - [27/Nov/2017:14:35:19 +0000] "GET /fastw HTTP/1.1" 302 72 "-" "Mozilla/5.0 (Windows NT 10.0; Win64; x64) AppleWebKit/537.36 (KHTML, like Gecko) Chrome/62.0.3202.94 Safari/537.36"
10.161.14.173 - - [27/Nov/2017:14:35:19 +0000] "GET /requestsecret HTTP/1.1" 500 9586 "-" "Mozilla/5.0 (Windows NT 10.0; Win64; x64) AppleWebKit/537.36 (KHTML, like Gecko) Chrome/62.0.3202.94 Safari/537.36"
10.161.14.173 - - [27/Nov/2017:14:35:41 +0000] "GET /fastw HTTP/1.1" 302 72 "-" "Mozilla/5.0 (Windows NT 10.0; Win64; x64) AppleWebKit/537.36 (KHTML, like Gecko) Chrome/62.0.3202.94 Safari/537.36"
10.161.14.173 - - [27/Nov/2017:14:35:41 +0000] "GET /requestsecret HTTP/1.1" 200 4494 "-" "Mozilla/5.0 (Windows NT 10.0; Win64; x64) AppleWebKit/537.36 (KHTML, like Gecko) Chrome/62.0.3202.94 Safari/537.36"
10.161.14.173 - - [27/Nov/2017:14:35:41 +0000] "GET /default/css/style.css HTTP/1.1" 304 - "http://10.161.9.38/requestsecret" "Mozilla/5.0 (Windows NT 10.0; Win64; x64) AppleWebKit/537.36 (KHTML, like Gecko) Chrome/62.0.3202.94 Safari/537.36"
10.161.14.173 - - [27/Nov/2017:14:35:41 +0000] "GET /default/images/logo.gif HTTP/1.1" 304 - "http://10.161.9.38/requestsecret" "Mozilla/5.0 (Windows NT 10.0; Win64; x64) AppleWebKit/537.36 (KHTML, like Gecko) Chrome/62.0.3202.94 Safari/537.36"
86.31.144.69 - - [27/Nov/2017:14:36:30 +0000] "POST / HTTP/1.1" 404 140 "-" "Mozilla/5.0 (Windows NT 6.3; WOW64; Trident/7.0; rv:11.0) like Gecko"
155.94.88.58 - - [27/Nov/2017:14:37:32 +0000] "GET / HTTP/1.1" 404 139 "-" "sysscan/1.0 (https://github.com/robertdavidgraham/sysscan)"
::ffff:10.161.14.173 - - [27/Nov/2017:14:39:46 +0000] "GET /fastw HTTP/1.1" 302 72 "-" "Mozilla/5.0 (Windows NT 10.0; Win64; x64) AppleWebKit/537.36 (KHTML, like Gecko) Chrome/62.0.3202.94 Safari/537.36"
::ffff:10.161.14.173 - - [27/Nov/2017:14:39:46 +0000] "GET /requestsecret HTTP/1.1" 200 4494 "-" "Mozilla/5.0 (Windows NT 10.0; Win64; x64) AppleWebKit/537.36 (KHTML, like Gecko) Chrome/62.0.3202.94 Safari/537.36"
::ffff:10.161.14.173 - - [27/Nov/2017:14:39:46 +0000] "GET /default/css/style.css HTTP/1.1" 200 472 "http://10.161.9.38:4000/requestsecret" "Mozilla/5.0 (Windows NT 10.0; Win64; x64) AppleWebKit/537.36 (KHTML, like Gecko) Chrome/62.0.3202.94 Safari/537.36"
::ffff:10.161.14.173 - - [27/Nov/2017:14:39:46 +0000] "GET /default/images/logo.gif HTTP/1.1" 200 43 "http://10.161.9.38:4000/requestsecret" "Mozilla/5.0 (Windows NT 10.0; Win64; x64) AppleWebKit/537.36 (KHTML, like Gecko) Chrome/62.0.3202.94 Safari/537.36"
::ffff:10.161.14.173 - - [27/Nov/2017:14:39:47 +0000] "GET /default/favicon.ico HTTP/1.1" 404 158 "http://10.161.9.38:4000/requestsecret" "Mozilla/5.0 (Windows NT 10.0; Win64; x64) AppleWebKit/537.36 (KHTML, like Gecko) Chrome/62.0.3202.94 Safari/537.36"
::ffff:10.161.14.173 - - [27/Nov/2017:14:39:50 +0000] "POST /requestsecret HTTP/1.1" 302 76 "http://10.161.9.38:4000/requestsecret" "Mozilla/5.0 (Windows NT 10.0; Win64; x64) AppleWebKit/537.36 (KHTML, like Gecko) Chrome/62.0.3202.94 Safari/537.36"
::ffff:10.161.14.173 - - [27/Nov/2017:14:39:50 +0000] "GET /requestfullname HTTP/1.1" 200 4217 "http://10.161.9.38:4000/requestsecret" "Mozilla/5.0 (Windows NT 10.0; Win64; x64) AppleWebKit/537.36 (KHTML, like Gecko) Chrome/62.0.3202.94 Safari/537.36"
::ffff:10.161.14.173 - - [27/Nov/2017:14:39:50 +0000] "GET /default/css/style.css HTTP/1.1" 304 - "http://10.161.9.38:4000/requestfullname" "Mozilla/5.0 (Windows NT 10.0; Win64; x64) AppleWebKit/537.36 (KHTML, like Gecko) Chrome/62.0.3202.94 Safari/537.36"
::ffff:10.161.14.173 - - [27/Nov/2017:14:39:50 +0000] "GET /default/images/logo.gif HTTP/1.1" 304 - "http://10.161.9.38:4000/requestfullname" "Mozilla/5.0 (Windows NT 10.0; Win64; x64) AppleWebKit/537.36 (KHTML, like Gecko) Chrome/62.0.3202.94 Safari/537.36"
::ffff:10.161.14.173 - - [27/Nov/2017:14:39:51 +0000] "POST /requestfullname HTTP/1.1" 302 64 "http://10.161.9.38:4000/requestfullname" "Mozilla/5.0 (Windows NT 10.0; Win64; x64) AppleWebKit/537.36 (KHTML, like Gecko) Chrome/62.0.3202.94 Safari/537.36"
::ffff:10.161.14.173 - - [27/Nov/2017:14:39:51 +0000] "GET /vivr/home HTTP/1.1" 200 4722 "http://10.161.9.38:4000/requestfullname" "Mozilla/5.0 (Windows NT 10.0; Win64; x64) AppleWebKit/537.36 (KHTML, like Gecko) Chrome/62.0.3202.94 Safari/537.36"
::ffff:10.161.14.173 - - [27/Nov/2017:14:39:51 +0000] "GET /default/css/style.css HTTP/1.1" 304 - "http://10.161.9.38:4000/vivr/home" "Mozilla/5.0 (Windows NT 10.0; Win64; x64) AppleWebKit/537.36 (KHTML, like Gecko) Chrome/62.0.3202.94 Safari/537.36"
::ffff:10.161.14.173 - - [27/Nov/2017:14:39:51 +0000] "GET /default/images/logo.gif HTTP/1.1" 304 - "http://10.161.9.38:4000/vivr/home" "Mozilla/5.0 (Windows NT 10.0; Win64; x64) AppleWebKit/537.36 (KHTML, like Gecko) Chrome/62.0.3202.94 Safari/537.36"
::ffff:10.161.14.173 - - [27/Nov/2017:14:39:51 +0000] "GET /vivr/default/favicon.ico HTTP/1.1" 404 163 "http://10.161.9.38:4000/vivr/home" "Mozilla/5.0 (Windows NT 10.0; Win64; x64) AppleWebKit/537.36 (KHTML, like Gecko) Chrome/62.0.3202.94 Safari/537.36"
::ffff:10.161.14.173 - - [27/Nov/2017:15:00:06 +0000] "GET /fastw HTTP/1.1" 302 72 "-" "Mozilla/5.0 (Windows NT 10.0; Win64; x64) AppleWebKit/537.36 (KHTML, like Gecko) Chrome/62.0.3202.94 Safari/537.36"
::ffff:10.161.14.173 - - [27/Nov/2017:15:00:06 +0000] "GET /requestsecret HTTP/1.1" 500 10046 "-" "Mozilla/5.0 (Windows NT 10.0; Win64; x64) AppleWebKit/537.36 (KHTML, like Gecko) Chrome/62.0.3202.94 Safari/537.36"
::ffff:10.161.14.173 - - [27/Nov/2017:15:00:06 +0000] "GET /favicon.ico HTTP/1.1" 404 150 "http://10.161.9.38:4000/requestsecret" "Mozilla/5.0 (Windows NT 10.0; Win64; x64) AppleWebKit/537.36 (KHTML, like Gecko) Chrome/62.0.3202.94 Safari/537.36"
::ffff:10.161.14.173 - - [27/Nov/2017:15:03:22 +0000] "GET /fastw HTTP/1.1" 302 72 "-" "Mozilla/5.0 (Windows NT 10.0; Win64; x64) AppleWebKit/537.36 (KHTML, like Gecko) Chrome/62.0.3202.94 Safari/537.36"
::ffff:10.161.14.173 - - [27/Nov/2017:15:03:22 +0000] "GET /requestsecret HTTP/1.1" 500 10127 "-" "Mozilla/5.0 (Windows NT 10.0; Win64; x64) AppleWebKit/537.36 (KHTML, like Gecko) Chrome/62.0.3202.94 Safari/537.36"
::ffff:10.161.14.173 - - [27/Nov/2017:15:04:21 +0000] "GET /requestsecret HTTP/1.1" 500 10127 "-" "Mozilla/5.0 (Windows NT 10.0; Win64; x64) AppleWebKit/537.36 (KHTML, like Gecko) Chrome/62.0.3202.94 Safari/537.36"
::ffff:10.161.14.173 - - [27/Nov/2017:15:04:40 +0000] "GET /requestsecret HTTP/1.1" 500 10127 "-" "Mozilla/5.0 (Windows NT 10.0; Win64; x64) AppleWebKit/537.36 (KHTML, like Gecko) Chrome/62.0.3202.94 Safari/537.36"
::ffff:10.161.14.173 - - [27/Nov/2017:15:05:53 +0000] "GET /requestsecret HTTP/1.1" 500 10127 "-" "Mozilla/5.0 (Windows NT 10.0; Win64; x64) AppleWebKit/537.36 (KHTML, like Gecko) Chrome/62.0.3202.94 Safari/537.36"
::ffff:10.161.14.173 - - [27/Nov/2017:15:06:43 +0000] "GET /requestsecret HTTP/1.1" 500 10046 "-" "Mozilla/5.0 (Windows NT 10.0; Win64; x64) AppleWebKit/537.36 (KHTML, like Gecko) Chrome/62.0.3202.94 Safari/537.36"
::ffff:10.161.14.173 - - [27/Nov/2017:15:08:53 +0000] "GET /requestsecret HTTP/1.1" 500 10046 "-" "Mozilla/5.0 (Windows NT 10.0; Win64; x64) AppleWebKit/537.36 (KHTML, like Gecko) Chrome/62.0.3202.94 Safari/537.36"
::ffff:10.161.14.173 - - [27/Nov/2017:15:20:18 +0000] "GET /requestsecret HTTP/1.1" 500 10046 "-" "Mozilla/5.0 (Windows NT 10.0; Win64; x64) AppleWebKit/537.36 (KHTML, like Gecko) Chrome/62.0.3202.94 Safari/537.36"
::ffff:10.161.14.173 - - [27/Nov/2017:15:21:48 +0000] "GET /requestsecret HTTP/1.1" 500 10048 "-" "Mozilla/5.0 (Windows NT 10.0; Win64; x64) AppleWebKit/537.36 (KHTML, like Gecko) Chrome/62.0.3202.94 Safari/537.36"
::ffff:10.161.14.173 - - [27/Nov/2017:15:22:28 +0000] "GET /requestsecret HTTP/1.1" 200 4493 "-" "Mozilla/5.0 (Windows NT 10.0; Win64; x64) AppleWebKit/537.36 (KHTML, like Gecko) Chrome/62.0.3202.94 Safari/537.36"
::ffff:10.161.14.173 - - [27/Nov/2017:15:22:28 +0000] "GET /default/css/style.css HTTP/1.1" 304 - "http://10.161.9.38:4000/requestsecret" "Mozilla/5.0 (Windows NT 10.0; Win64; x64) AppleWebKit/537.36 (KHTML, like Gecko) Chrome/62.0.3202.94 Safari/537.36"
::ffff:10.161.14.173 - - [27/Nov/2017:15:22:28 +0000] "GET /default/images/logo.gif HTTP/1.1" 304 - "http://10.161.9.38:4000/requestsecret" "Mozilla/5.0 (Windows NT 10.0; Win64; x64) AppleWebKit/537.36 (KHTML, like Gecko) Chrome/62.0.3202.94 Safari/537.36"
::ffff:10.161.14.173 - - [27/Nov/2017:15:22:38 +0000] "GET /requestsecret HTTP/1.1" 304 - "-" "Mozilla/5.0 (Windows NT 10.0; Win64; x64) AppleWebKit/537.36 (KHTML, like Gecko) Chrome/62.0.3202.94 Safari/537.36"
::ffff:10.161.14.173 - - [27/Nov/2017:15:22:38 +0000] "GET /default/css/style.css HTTP/1.1" 304 - "http://10.161.9.38:4000/requestsecret" "Mozilla/5.0 (Windows NT 10.0; Win64; x64) AppleWebKit/537.36 (KHTML, like Gecko) Chrome/62.0.3202.94 Safari/537.36"
::ffff:10.161.14.173 - - [27/Nov/2017:15:22:38 +0000] "GET /default/images/logo.gif HTTP/1.1" 304 - "http://10.161.9.38:4000/requestsecret" "Mozilla/5.0 (Windows NT 10.0; Win64; x64) AppleWebKit/537.36 (KHTML, like Gecko) Chrome/62.0.3202.94 Safari/537.36"
