10.161.14.173 - - [27/Nov/2017:09:54:00 +0000] "GET /SerfinStats/overview HTTP/1.1" 200 4134 "https://10.161.9.38/SerfinStats/" "Mozilla/5.0 (Windows NT 10.0; Win64; x64) AppleWebKit/537.36 (KHTML, like Gecko) Chrome/62.0.3202.94 Safari/537.36"
10.161.14.173 - - [27/Nov/2017:09:54:00 +0000] "GET /css/style.css HTTP/1.1" 200 472 "https://10.161.9.38/SerfinStats/overview" "Mozilla/5.0 (Windows NT 10.0; Win64; x64) AppleWebKit/537.36 (KHTML, like Gecko) Chrome/62.0.3202.94 Safari/537.36"
10.161.14.173 - - [27/Nov/2017:09:54:17 +0000] "GET /SerfinStats/overview HTTP/1.1" 200 4135 "https://10.161.9.38/SerfinStats/" "Mozilla/5.0 (Windows NT 10.0; Win64; x64) AppleWebKit/537.36 (KHTML, like Gecko) Chrome/62.0.3202.94 Safari/537.36"
10.161.14.173 - - [27/Nov/2017:09:54:17 +0000] "GET /css/style.css HTTP/1.1" 200 472 "https://10.161.9.38/SerfinStats/overview" "Mozilla/5.0 (Windows NT 10.0; Win64; x64) AppleWebKit/537.36 (KHTML, like Gecko) Chrome/62.0.3202.94 Safari/537.36"
10.161.14.173 - - [27/Nov/2017:09:56:33 +0000] "GET /SerfinStats/overview HTTP/1.1" 200 4135 "https://10.161.9.38/SerfinStats/" "Mozilla/5.0 (Windows NT 10.0; Win64; x64) AppleWebKit/537.36 (KHTML, like Gecko) Chrome/62.0.3202.94 Safari/537.36"
10.161.14.173 - - [27/Nov/2017:09:56:33 +0000] "GET /css/style.css HTTP/1.1" 200 472 "https://10.161.9.38/SerfinStats/overview" "Mozilla/5.0 (Windows NT 10.0; Win64; x64) AppleWebKit/537.36 (KHTML, like Gecko) Chrome/62.0.3202.94 Safari/537.36"
10.161.14.173 - - [27/Nov/2017:09:57:13 +0000] "GET /SerfinStats/overview HTTP/1.1" 200 4134 "https://10.161.9.38/SerfinStats/" "Mozilla/5.0 (Windows NT 10.0; Win64; x64) AppleWebKit/537.36 (KHTML, like Gecko) Chrome/62.0.3202.94 Safari/537.36"
10.161.14.173 - - [27/Nov/2017:09:57:13 +0000] "GET /css/style.css HTTP/1.1" 200 472 "https://10.161.9.38/SerfinStats/overview" "Mozilla/5.0 (Windows NT 10.0; Win64; x64) AppleWebKit/537.36 (KHTML, like Gecko) Chrome/62.0.3202.94 Safari/537.36"
10.161.14.173 - - [27/Nov/2017:09:57:59 +0000] "GET /SerfinStats/overview HTTP/1.1" 200 4134 "https://10.161.9.38/SerfinStats/" "Mozilla/5.0 (Windows NT 10.0; Win64; x64) AppleWebKit/537.36 (KHTML, like Gecko) Chrome/62.0.3202.94 Safari/537.36"
10.161.14.173 - - [27/Nov/2017:09:57:59 +0000] "GET /css/style.css HTTP/1.1" 200 472 "https://10.161.9.38/SerfinStats/overview" "Mozilla/5.0 (Windows NT 10.0; Win64; x64) AppleWebKit/537.36 (KHTML, like Gecko) Chrome/62.0.3202.94 Safari/537.36"
10.161.14.173 - - [27/Nov/2017:09:59:04 +0000] "GET /SerfinStats HTTP/1.1" 200 3507 "-" "Mozilla/5.0 (Windows NT 10.0; Win64; x64) AppleWebKit/537.36 (KHTML, like Gecko) Chrome/62.0.3202.94 Safari/537.36"
10.161.14.173 - - [27/Nov/2017:09:59:04 +0000] "GET /css/style.css HTTP/1.1" 200 472 "https://10.161.9.38/SerfinStats" "Mozilla/5.0 (Windows NT 10.0; Win64; x64) AppleWebKit/537.36 (KHTML, like Gecko) Chrome/62.0.3202.94 Safari/537.36"
::ffff:10.161.14.115 - - [27/Nov/2017:10:56:01 +0000] "GET /serfi.html HTTP/1.1" 404 149 "-" "Mozilla/5.0 (Windows NT 6.1) AppleWebKit/537.36 (KHTML, like Gecko) Chrome/62.0.3202.94 Safari/537.36"
::ffff:10.161.14.115 - - [27/Nov/2017:10:56:01 +0000] "GET /favicon.ico HTTP/1.1" 404 150 "http://10.161.9.38:3000/serfi.html" "Mozilla/5.0 (Windows NT 6.1) AppleWebKit/537.36 (KHTML, like Gecko) Chrome/62.0.3202.94 Safari/537.36"
104.236.156.241 - - [27/Nov/2017:10:56:09 +0000] "GET / HTTP/1.1" 404 139 "-" "Mozilla/5.0 zgrab/0.x"
::ffff:10.161.14.115 - - [27/Nov/2017:10:56:16 +0000] "GET /serfi HTTP/1.1" 302 72 "-" "Mozilla/5.0 (Windows NT 6.1) AppleWebKit/537.36 (KHTML, like Gecko) Chrome/62.0.3202.94 Safari/537.36"
::ffff:10.161.14.115 - - [27/Nov/2017:10:56:16 +0000] "GET /requestsecret HTTP/1.1" 200 4177 "-" "Mozilla/5.0 (Windows NT 6.1) AppleWebKit/537.36 (KHTML, like Gecko) Chrome/62.0.3202.94 Safari/537.36"
::ffff:10.161.14.115 - - [27/Nov/2017:10:56:16 +0000] "GET /23/css/style.css HTTP/1.1" 200 691 "http://10.161.9.38:3000/requestsecret" "Mozilla/5.0 (Windows NT 6.1) AppleWebKit/537.36 (KHTML, like Gecko) Chrome/62.0.3202.94 Safari/537.36"
::ffff:10.161.14.115 - - [27/Nov/2017:10:56:16 +0000] "GET /23/images/logo.png HTTP/1.1" 200 4796 "http://10.161.9.38:3000/requestsecret" "Mozilla/5.0 (Windows NT 6.1) AppleWebKit/537.36 (KHTML, like Gecko) Chrome/62.0.3202.94 Safari/537.36"
::ffff:10.161.14.115 - - [27/Nov/2017:10:56:18 +0000] "GET /23/favicon.ico HTTP/1.1" 404 153 "http://10.161.9.38:3000/requestsecret" "Mozilla/5.0 (Windows NT 6.1) AppleWebKit/537.36 (KHTML, like Gecko) Chrome/62.0.3202.94 Safari/537.36"
::ffff:10.161.14.115 - - [27/Nov/2017:10:56:45 +0000] "GET /edison.html HTTP/1.1" 200 643 "-" "Mozilla/5.0 (Windows NT 6.1) AppleWebKit/537.36 (KHTML, like Gecko) Chrome/62.0.3202.94 Safari/537.36"
::ffff:10.161.14.115 - - [27/Nov/2017:10:56:45 +0000] "GET /blurred.png HTTP/1.1" 200 116000 "http://10.161.9.38:3000/edison.html" "Mozilla/5.0 (Windows NT 6.1) AppleWebKit/537.36 (KHTML, like Gecko) Chrome/62.0.3202.94 Safari/537.36"
::ffff:10.161.14.115 - - [27/Nov/2017:10:56:45 +0000] "GET /iphonebg.png HTTP/1.1" 200 210501 "http://10.161.9.38:3000/edison.html" "Mozilla/5.0 (Windows NT 6.1) AppleWebKit/537.36 (KHTML, like Gecko) Chrome/62.0.3202.94 Safari/537.36"
::ffff:10.161.14.115 - - [27/Nov/2017:10:56:45 +0000] "GET /ediso HTTP/1.1" 302 72 "http://10.161.9.38:3000/edison.html" "Mozilla/5.0 (Windows NT 6.1) AppleWebKit/537.36 (KHTML, like Gecko) Chrome/62.0.3202.94 Safari/537.36"
::ffff:10.161.14.115 - - [27/Nov/2017:10:56:45 +0000] "GET /requestsecret HTTP/1.1" 200 4209 "http://10.161.9.38:3000/edison.html" "Mozilla/5.0 (Windows NT 6.1) AppleWebKit/537.36 (KHTML, like Gecko) Chrome/62.0.3202.94 Safari/537.36"
::ffff:10.161.14.115 - - [27/Nov/2017:10:56:45 +0000] "GET /1304/css/style.css HTTP/1.1" 429 - "http://10.161.9.38:3000/requestsecret" "Mozilla/5.0 (Windows NT 6.1) AppleWebKit/537.36 (KHTML, like Gecko) Chrome/62.0.3202.94 Safari/537.36"
::ffff:10.161.14.115 - - [27/Nov/2017:10:56:45 +0000] "GET /1304/images/logo.png HTTP/1.1" 429 - "http://10.161.9.38:3000/requestsecret" "Mozilla/5.0 (Windows NT 6.1) AppleWebKit/537.36 (KHTML, like Gecko) Chrome/62.0.3202.94 Safari/537.36"
::ffff:10.161.14.115 - - [27/Nov/2017:10:56:58 +0000] "POST /requestsecret HTTP/1.1" 429 - "http://10.161.9.38:3000/requestsecret" "Mozilla/5.0 (Windows NT 6.1) AppleWebKit/537.36 (KHTML, like Gecko) Chrome/62.0.3202.94 Safari/537.36"
10.161.10.118 - - [27/Nov/2017:10:57:11 +0000] "GET /SerfinStats HTTP/1.1" 200 3507 "-" "Mozilla/5.0 (Windows NT 10.0; Win64; x64) AppleWebKit/537.36 (KHTML, like Gecko) Chrome/62.0.3202.94 Safari/537.36"
::ffff:10.161.14.115 - - [27/Nov/2017:10:57:11 +0000] "POST /requestsecret HTTP/1.1" 302 76 "http://10.161.9.38:3000/requestsecret" "Mozilla/5.0 (Windows NT 6.1) AppleWebKit/537.36 (KHTML, like Gecko) Chrome/62.0.3202.94 Safari/537.36"
::ffff:10.161.14.115 - - [27/Nov/2017:10:57:11 +0000] "GET /requestfullname HTTP/1.1" 200 3973 "http://10.161.9.38:3000/requestsecret" "Mozilla/5.0 (Windows NT 6.1) AppleWebKit/537.36 (KHTML, like Gecko) Chrome/62.0.3202.94 Safari/537.36"
::ffff:10.161.14.115 - - [27/Nov/2017:10:57:11 +0000] "GET /1304/css/style.css HTTP/1.1" 200 631 "http://10.161.9.38:3000/requestfullname" "Mozilla/5.0 (Windows NT 6.1) AppleWebKit/537.36 (KHTML, like Gecko) Chrome/62.0.3202.94 Safari/537.36"
::ffff:10.161.14.115 - - [27/Nov/2017:10:57:11 +0000] "GET /1304/images/logo.png HTTP/1.1" 200 4198 "http://10.161.9.38:3000/requestfullname" "Mozilla/5.0 (Windows NT 6.1) AppleWebKit/537.36 (KHTML, like Gecko) Chrome/62.0.3202.94 Safari/537.36"
::ffff:10.161.14.115 - - [27/Nov/2017:10:57:11 +0000] "GET /1304/favicon.ico HTTP/1.1" 404 155 "http://10.161.9.38:3000/requestfullname" "Mozilla/5.0 (Windows NT 6.1) AppleWebKit/537.36 (KHTML, like Gecko) Chrome/62.0.3202.94 Safari/537.36"
10.161.10.118 - - [27/Nov/2017:10:57:12 +0000] "GET /css/style.css HTTP/1.1" 200 472 "http://10.161.9.38/SerfinStats" "Mozilla/5.0 (Windows NT 10.0; Win64; x64) AppleWebKit/537.36 (KHTML, like Gecko) Chrome/62.0.3202.94 Safari/537.36"
::ffff:10.161.14.115 - - [27/Nov/2017:10:57:13 +0000] "POST /requestfullname HTTP/1.1" 302 64 "http://10.161.9.38:3000/requestfullname" "Mozilla/5.0 (Windows NT 6.1) AppleWebKit/537.36 (KHTML, like Gecko) Chrome/62.0.3202.94 Safari/537.36"
::ffff:10.161.14.115 - - [27/Nov/2017:10:57:13 +0000] "GET /vivr/home HTTP/1.1" 200 4606 "http://10.161.9.38:3000/requestfullname" "Mozilla/5.0 (Windows NT 6.1) AppleWebKit/537.36 (KHTML, like Gecko) Chrome/62.0.3202.94 Safari/537.36"
::ffff:10.161.14.115 - - [27/Nov/2017:10:57:13 +0000] "GET /1304/images/logo.png HTTP/1.1" 304 - "http://10.161.9.38:3000/vivr/home" "Mozilla/5.0 (Windows NT 6.1) AppleWebKit/537.36 (KHTML, like Gecko) Chrome/62.0.3202.94 Safari/537.36"
::ffff:10.161.14.115 - - [27/Nov/2017:10:57:13 +0000] "GET /1304/css/style.css HTTP/1.1" 304 - "http://10.161.9.38:3000/vivr/home" "Mozilla/5.0 (Windows NT 6.1) AppleWebKit/537.36 (KHTML, like Gecko) Chrome/62.0.3202.94 Safari/537.36"
::ffff:10.161.14.115 - - [27/Nov/2017:10:57:13 +0000] "GET /vivr/1304/favicon.ico HTTP/1.1" 404 160 "http://10.161.9.38:3000/vivr/home" "Mozilla/5.0 (Windows NT 6.1) AppleWebKit/537.36 (KHTML, like Gecko) Chrome/62.0.3202.94 Safari/537.36"
::ffff:10.161.14.115 - - [27/Nov/2017:10:57:15 +0000] "GET /vivr/anagrafica HTTP/1.1" 200 4647 "http://10.161.9.38:3000/vivr/home" "Mozilla/5.0 (Windows NT 6.1) AppleWebKit/537.36 (KHTML, like Gecko) Chrome/62.0.3202.94 Safari/537.36"
::ffff:10.161.14.115 - - [27/Nov/2017:10:57:15 +0000] "GET /1304/css/style.css HTTP/1.1" 304 - "http://10.161.9.38:3000/vivr/anagrafica" "Mozilla/5.0 (Windows NT 6.1) AppleWebKit/537.36 (KHTML, like Gecko) Chrome/62.0.3202.94 Safari/537.36"
::ffff:10.161.14.115 - - [27/Nov/2017:10:57:15 +0000] "GET /1304/images/logo.png HTTP/1.1" 304 - "http://10.161.9.38:3000/vivr/anagrafica" "Mozilla/5.0 (Windows NT 6.1) AppleWebKit/537.36 (KHTML, like Gecko) Chrome/62.0.3202.94 Safari/537.36"
10.161.10.118 - - [27/Nov/2017:10:57:15 +0000] "GET /favicon.ico HTTP/1.1" 404 150 "http://10.161.9.38/SerfinStats" "Mozilla/5.0 (Windows NT 10.0; Win64; x64) AppleWebKit/537.36 (KHTML, like Gecko) Chrome/62.0.3202.94 Safari/537.36"
::ffff:10.161.14.115 - - [27/Nov/2017:10:57:16 +0000] "GET /vivr/informazionimandato HTTP/1.1" 200 8756 "http://10.161.9.38:3000/vivr/anagrafica" "Mozilla/5.0 (Windows NT 6.1) AppleWebKit/537.36 (KHTML, like Gecko) Chrome/62.0.3202.94 Safari/537.36"
::ffff:10.161.14.115 - - [27/Nov/2017:10:57:16 +0000] "GET /1304/css/style.css HTTP/1.1" 304 - "http://10.161.9.38:3000/vivr/informazionimandato" "Mozilla/5.0 (Windows NT 6.1) AppleWebKit/537.36 (KHTML, like Gecko) Chrome/62.0.3202.94 Safari/537.36"
::ffff:10.161.14.115 - - [27/Nov/2017:10:57:16 +0000] "GET /1304/images/logo.png HTTP/1.1" 304 - "http://10.161.9.38:3000/vivr/informazionimandato" "Mozilla/5.0 (Windows NT 6.1) AppleWebKit/537.36 (KHTML, like Gecko) Chrome/62.0.3202.94 Safari/537.36"
10.161.10.118 - - [27/Nov/2017:10:57:18 +0000] "POST /SerfinStats HTTP/1.1" 302 86 "http://10.161.9.38/SerfinStats" "Mozilla/5.0 (Windows NT 10.0; Win64; x64) AppleWebKit/537.36 (KHTML, like Gecko) Chrome/62.0.3202.94 Safari/537.36"
10.161.10.118 - - [27/Nov/2017:10:57:18 +0000] "GET /SerfinStats/overview HTTP/1.1" 302 70 "http://10.161.9.38/SerfinStats" "Mozilla/5.0 (Windows NT 10.0; Win64; x64) AppleWebKit/537.36 (KHTML, like Gecko) Chrome/62.0.3202.94 Safari/537.36"
10.161.10.118 - - [27/Nov/2017:10:57:18 +0000] "GET /SerfinStats/ HTTP/1.1" 200 3507 "http://10.161.9.38/SerfinStats" "Mozilla/5.0 (Windows NT 10.0; Win64; x64) AppleWebKit/537.36 (KHTML, like Gecko) Chrome/62.0.3202.94 Safari/537.36"
10.161.10.118 - - [27/Nov/2017:10:57:18 +0000] "GET /css/style.css HTTP/1.1" 304 - "http://10.161.9.38/SerfinStats/" "Mozilla/5.0 (Windows NT 10.0; Win64; x64) AppleWebKit/537.36 (KHTML, like Gecko) Chrome/62.0.3202.94 Safari/537.36"
::ffff:10.161.14.115 - - [27/Nov/2017:10:57:25 +0000] "GET /vivr/home HTTP/1.1" 304 - "http://10.161.9.38:3000/vivr/informazionimandato" "Mozilla/5.0 (Windows NT 6.1) AppleWebKit/537.36 (KHTML, like Gecko) Chrome/62.0.3202.94 Safari/537.36"
::ffff:10.161.14.115 - - [27/Nov/2017:10:57:25 +0000] "GET /1304/css/style.css HTTP/1.1" 304 - "http://10.161.9.38:3000/vivr/home" "Mozilla/5.0 (Windows NT 6.1) AppleWebKit/537.36 (KHTML, like Gecko) Chrome/62.0.3202.94 Safari/537.36"
::ffff:10.161.14.115 - - [27/Nov/2017:10:57:25 +0000] "GET /1304/images/logo.png HTTP/1.1" 304 - "http://10.161.9.38:3000/vivr/home" "Mozilla/5.0 (Windows NT 6.1) AppleWebKit/537.36 (KHTML, like Gecko) Chrome/62.0.3202.94 Safari/537.36"
10.161.10.118 - - [27/Nov/2017:10:57:26 +0000] "POST /SerfinStats/ HTTP/1.1" 302 86 "http://10.161.9.38/SerfinStats/" "Mozilla/5.0 (Windows NT 10.0; Win64; x64) AppleWebKit/537.36 (KHTML, like Gecko) Chrome/62.0.3202.94 Safari/537.36"
10.161.10.118 - - [27/Nov/2017:10:57:26 +0000] "GET /SerfinStats/overview HTTP/1.1" 302 70 "http://10.161.9.38/SerfinStats/" "Mozilla/5.0 (Windows NT 10.0; Win64; x64) AppleWebKit/537.36 (KHTML, like Gecko) Chrome/62.0.3202.94 Safari/537.36"
10.161.10.118 - - [27/Nov/2017:10:57:26 +0000] "GET /SerfinStats/ HTTP/1.1" 200 3507 "http://10.161.9.38/SerfinStats/" "Mozilla/5.0 (Windows NT 10.0; Win64; x64) AppleWebKit/537.36 (KHTML, like Gecko) Chrome/62.0.3202.94 Safari/537.36"
10.161.10.118 - - [27/Nov/2017:10:57:26 +0000] "GET /css/style.css HTTP/1.1" 304 - "http://10.161.9.38/SerfinStats/" "Mozilla/5.0 (Windows NT 10.0; Win64; x64) AppleWebKit/537.36 (KHTML, like Gecko) Chrome/62.0.3202.94 Safari/537.36"
::ffff:10.161.14.115 - - [27/Nov/2017:10:57:34 +0000] "GET /serfi HTTP/1.1" 302 72 "-" "Mozilla/5.0 (Windows NT 6.1) AppleWebKit/537.36 (KHTML, like Gecko) Chrome/62.0.3202.94 Safari/537.36"
::ffff:10.161.14.115 - - [27/Nov/2017:10:57:34 +0000] "GET /requestsecret HTTP/1.1" 200 4177 "-" "Mozilla/5.0 (Windows NT 6.1) AppleWebKit/537.36 (KHTML, like Gecko) Chrome/62.0.3202.94 Safari/537.36"
::ffff:10.161.14.115 - - [27/Nov/2017:10:57:35 +0000] "GET /23/css/style.css HTTP/1.1" 304 - "http://10.161.9.38:3000/requestsecret" "Mozilla/5.0 (Windows NT 6.1) AppleWebKit/537.36 (KHTML, like Gecko) Chrome/62.0.3202.94 Safari/537.36"
::ffff:10.161.14.115 - - [27/Nov/2017:10:57:35 +0000] "GET /23/images/logo.png HTTP/1.1" 304 - "http://10.161.9.38:3000/requestsecret" "Mozilla/5.0 (Windows NT 6.1) AppleWebKit/537.36 (KHTML, like Gecko) Chrome/62.0.3202.94 Safari/537.36"
10.161.10.118 - - [27/Nov/2017:10:57:36 +0000] "GET /SerfinStats HTTP/1.1" 200 3507 "-" "Mozilla/5.0 (Windows NT 10.0; Win64; x64) AppleWebKit/537.36 (KHTML, like Gecko) Chrome/62.0.3202.94 Safari/537.36"
10.161.10.118 - - [27/Nov/2017:10:57:37 +0000] "GET /css/style.css HTTP/1.1" 429 - "http://10.161.9.38/SerfinStats" "Mozilla/5.0 (Windows NT 10.0; Win64; x64) AppleWebKit/537.36 (KHTML, like Gecko) Chrome/62.0.3202.94 Safari/537.36"
::ffff:10.161.14.115 - - [27/Nov/2017:10:57:40 +0000] "POST /requestsecret HTTP/1.1" 302 76 "http://10.161.9.38:3000/requestsecret" "Mozilla/5.0 (Windows NT 6.1) AppleWebKit/537.36 (KHTML, like Gecko) Chrome/62.0.3202.94 Safari/537.36"
::ffff:10.161.14.115 - - [27/Nov/2017:10:57:40 +0000] "GET /requestfullname HTTP/1.1" 200 4005 "http://10.161.9.38:3000/requestsecret" "Mozilla/5.0 (Windows NT 6.1) AppleWebKit/537.36 (KHTML, like Gecko) Chrome/62.0.3202.94 Safari/537.36"
::ffff:10.161.14.115 - - [27/Nov/2017:10:57:40 +0000] "GET /23/images/logo.png HTTP/1.1" 429 - "http://10.161.9.38:3000/requestfullname" "Mozilla/5.0 (Windows NT 6.1) AppleWebKit/537.36 (KHTML, like Gecko) Chrome/62.0.3202.94 Safari/537.36"
::ffff:10.161.14.115 - - [27/Nov/2017:10:57:40 +0000] "GET /23/css/style.css HTTP/1.1" 304 - "http://10.161.9.38:3000/requestfullname" "Mozilla/5.0 (Windows NT 6.1) AppleWebKit/537.36 (KHTML, like Gecko) Chrome/62.0.3202.94 Safari/537.36"
10.161.10.118 - - [27/Nov/2017:10:57:40 +0000] "POST /SerfinStats HTTP/1.1" 429 - "http://10.161.9.38/SerfinStats" "Mozilla/5.0 (Windows NT 10.0; Win64; x64) AppleWebKit/537.36 (KHTML, like Gecko) Chrome/62.0.3202.94 Safari/537.36"
::ffff:10.161.14.115 - - [27/Nov/2017:10:57:41 +0000] "POST /requestfullname HTTP/1.1" 429 - "http://10.161.9.38:3000/requestfullname" "Mozilla/5.0 (Windows NT 6.1) AppleWebKit/537.36 (KHTML, like Gecko) Chrome/62.0.3202.94 Safari/537.36"
::ffff:10.161.14.115 - - [27/Nov/2017:10:57:44 +0000] "GET /23/images/logo.png HTTP/1.1" 429 - "http://10.161.9.38:3000/requestfullname" "Mozilla/5.0 (Windows NT 6.1) AppleWebKit/537.36 (KHTML, like Gecko) Chrome/62.0.3202.94 Safari/537.36"
::ffff:10.161.14.115 - - [27/Nov/2017:10:57:44 +0000] "GET /requestsecret HTTP/1.1" 429 - "-" "Mozilla/5.0 (Windows NT 6.1) AppleWebKit/537.36 (KHTML, like Gecko) Chrome/62.0.3202.94 Safari/537.36"
10.161.10.118 - - [27/Nov/2017:10:57:47 +0000] "GET /SerfinStats HTTP/1.1" 429 - "-" "Mozilla/5.0 (Windows NT 10.0; Win64; x64) AppleWebKit/537.36 (KHTML, like Gecko) Chrome/62.0.3202.94 Safari/537.36"
::ffff:10.161.14.115 - - [27/Nov/2017:10:57:54 +0000] "GET /serfi HTTP/1.1" 429 - "-" "Mozilla/5.0 (Windows NT 6.1) AppleWebKit/537.36 (KHTML, like Gecko) Chrome/62.0.3202.94 Safari/537.36"
10.161.14.35 - - [27/Nov/2017:10:59:56 +0000] "GET /serfi.html HTTP/1.1" 404 149 "-" "Mozilla/5.0 (X11; Linux x86_64; rv:57.0) Gecko/20100101 Firefox/57.0"
10.161.14.35 - - [27/Nov/2017:10:59:57 +0000] "GET /favicon.ico HTTP/1.1" 404 150 "-" "Mozilla/5.0 (X11; Linux x86_64; rv:57.0) Gecko/20100101 Firefox/57.0"
10.161.14.35 - - [27/Nov/2017:10:59:57 +0000] "GET /favicon.ico HTTP/1.1" 404 150 "-" "Mozilla/5.0 (X11; Linux x86_64; rv:57.0) Gecko/20100101 Firefox/57.0"
10.161.14.35 - - [27/Nov/2017:11:00:00 +0000] "GET /serfi HTTP/1.1" 302 72 "-" "Mozilla/5.0 (X11; Linux x86_64; rv:57.0) Gecko/20100101 Firefox/57.0"
10.161.14.35 - - [27/Nov/2017:11:00:00 +0000] "GET /requestsecret HTTP/1.1" 200 4177 "-" "Mozilla/5.0 (X11; Linux x86_64; rv:57.0) Gecko/20100101 Firefox/57.0"
10.161.14.35 - - [27/Nov/2017:11:00:00 +0000] "GET /23/css/style.css HTTP/1.1" 200 691 "http://10.161.9.38/requestsecret" "Mozilla/5.0 (X11; Linux x86_64; rv:57.0) Gecko/20100101 Firefox/57.0"
10.161.14.35 - - [27/Nov/2017:11:00:01 +0000] "GET /23/favicon.ico HTTP/1.1" 404 153 "-" "Mozilla/5.0 (X11; Linux x86_64; rv:57.0) Gecko/20100101 Firefox/57.0"
10.161.14.35 - - [27/Nov/2017:11:00:01 +0000] "GET /23/images/logo.png HTTP/1.1" 200 4796 "http://10.161.9.38/requestsecret" "Mozilla/5.0 (X11; Linux x86_64; rv:57.0) Gecko/20100101 Firefox/57.0"
10.161.14.35 - - [27/Nov/2017:11:00:20 +0000] "POST /requestsecret HTTP/1.1" 302 76 "http://10.161.9.38/requestsecret" "Mozilla/5.0 (X11; Linux x86_64; rv:57.0) Gecko/20100101 Firefox/57.0"
10.161.14.35 - - [27/Nov/2017:11:00:20 +0000] "GET /requestfullname HTTP/1.1" 200 4005 "http://10.161.9.38/requestsecret" "Mozilla/5.0 (X11; Linux x86_64; rv:57.0) Gecko/20100101 Firefox/57.0"
10.161.14.35 - - [27/Nov/2017:11:00:20 +0000] "GET /23/css/style.css HTTP/1.1" 304 - "http://10.161.9.38/requestfullname" "Mozilla/5.0 (X11; Linux x86_64; rv:57.0) Gecko/20100101 Firefox/57.0"
10.161.14.35 - - [27/Nov/2017:11:00:20 +0000] "GET /23/images/logo.png HTTP/1.1" 304 - "http://10.161.9.38/requestfullname" "Mozilla/5.0 (X11; Linux x86_64; rv:57.0) Gecko/20100101 Firefox/57.0"
10.161.14.35 - - [27/Nov/2017:11:00:22 +0000] "POST /requestfullname HTTP/1.1" 302 64 "http://10.161.9.38/requestfullname" "Mozilla/5.0 (X11; Linux x86_64; rv:57.0) Gecko/20100101 Firefox/57.0"
10.161.14.35 - - [27/Nov/2017:11:00:22 +0000] "GET /vivr/home HTTP/1.1" 200 4606 "http://10.161.9.38/requestfullname" "Mozilla/5.0 (X11; Linux x86_64; rv:57.0) Gecko/20100101 Firefox/57.0"
10.161.14.35 - - [27/Nov/2017:11:00:22 +0000] "GET /23/css/style.css HTTP/1.1" 304 - "http://10.161.9.38/vivr/home" "Mozilla/5.0 (X11; Linux x86_64; rv:57.0) Gecko/20100101 Firefox/57.0"
10.161.14.35 - - [27/Nov/2017:11:00:22 +0000] "GET /23/images/logo.png HTTP/1.1" 304 - "http://10.161.9.38/vivr/home" "Mozilla/5.0 (X11; Linux x86_64; rv:57.0) Gecko/20100101 Firefox/57.0"
10.161.14.35 - - [27/Nov/2017:11:00:22 +0000] "GET /vivr/23/favicon.ico HTTP/1.1" 404 158 "-" "Mozilla/5.0 (X11; Linux x86_64; rv:57.0) Gecko/20100101 Firefox/57.0"
10.161.14.35 - - [27/Nov/2017:11:00:24 +0000] "GET /vivr/pagaora HTTP/1.1" 200 8189 "http://10.161.9.38/vivr/home" "Mozilla/5.0 (X11; Linux x86_64; rv:57.0) Gecko/20100101 Firefox/57.0"
10.161.14.35 - - [27/Nov/2017:11:00:24 +0000] "GET /23/css/style.css HTTP/1.1" 304 - "http://10.161.9.38/vivr/pagaora" "Mozilla/5.0 (X11; Linux x86_64; rv:57.0) Gecko/20100101 Firefox/57.0"
10.161.14.35 - - [27/Nov/2017:11:00:24 +0000] "GET /23/images/logo.png HTTP/1.1" 304 - "http://10.161.9.38/vivr/pagaora" "Mozilla/5.0 (X11; Linux x86_64; rv:57.0) Gecko/20100101 Firefox/57.0"
10.161.14.173 - - [27/Nov/2017:11:04:41 +0000] "POST /SerfinStats HTTP/1.1" 302 86 "https://10.161.9.38/SerfinStats" "Mozilla/5.0 (Windows NT 10.0; Win64; x64) AppleWebKit/537.36 (KHTML, like Gecko) Chrome/62.0.3202.94 Safari/537.36"
10.161.14.173 - - [27/Nov/2017:11:04:42 +0000] "GET /SerfinStats/overview HTTP/1.1" 200 4134 "https://10.161.9.38/SerfinStats" "Mozilla/5.0 (Windows NT 10.0; Win64; x64) AppleWebKit/537.36 (KHTML, like Gecko) Chrome/62.0.3202.94 Safari/537.36"
10.161.14.173 - - [27/Nov/2017:11:04:42 +0000] "GET /css/style.css HTTP/1.1" 200 472 "https://10.161.9.38/SerfinStats/overview" "Mozilla/5.0 (Windows NT 10.0; Win64; x64) AppleWebKit/537.36 (KHTML, like Gecko) Chrome/62.0.3202.94 Safari/537.36"
10.161.14.173 - - [27/Nov/2017:11:06:44 +0000] "GET /SerfinStats/overview HTTP/1.1" 200 4134 "-" "Mozilla/5.0 (Linux; Android 6.0; Nexus 5 Build/MRA58N) AppleWebKit/537.36 (KHTML, like Gecko) Chrome/62.0.3202.94 Mobile Safari/537.36"
10.161.14.173 - - [27/Nov/2017:11:06:44 +0000] "GET /css/style.css HTTP/1.1" 200 472 "http://10.161.9.38/SerfinStats/overview" "Mozilla/5.0 (Linux; Android 6.0; Nexus 5 Build/MRA58N) AppleWebKit/537.36 (KHTML, like Gecko) Chrome/62.0.3202.94 Mobile Safari/537.36"
10.161.14.173 - - [27/Nov/2017:11:06:46 +0000] "GET /favicon.ico HTTP/1.1" 404 150 "http://10.161.9.38/SerfinStats/overview" "Mozilla/5.0 (Linux; Android 6.0; Nexus 5 Build/MRA58N) AppleWebKit/537.36 (KHTML, like Gecko) Chrome/62.0.3202.94 Mobile Safari/537.36"
10.161.14.173 - - [27/Nov/2017:11:06:50 +0000] "GET /SerfinStats/ HTTP/1.1" 200 3507 "-" "Mozilla/5.0 (Linux; Android 6.0; Nexus 5 Build/MRA58N) AppleWebKit/537.36 (KHTML, like Gecko) Chrome/62.0.3202.94 Mobile Safari/537.36"
10.161.14.173 - - [27/Nov/2017:11:06:50 +0000] "GET /css/style.css HTTP/1.1" 200 472 "https://10.161.9.38/SerfinStats/" "Mozilla/5.0 (Linux; Android 6.0; Nexus 5 Build/MRA58N) AppleWebKit/537.36 (KHTML, like Gecko) Chrome/62.0.3202.94 Mobile Safari/537.36"
10.161.14.173 - - [27/Nov/2017:11:06:53 +0000] "GET /SerfinStats/ HTTP/1.1" 200 3507 "-" "Mozilla/5.0 (Linux; Android 6.0; Nexus 5 Build/MRA58N) AppleWebKit/537.36 (KHTML, like Gecko) Chrome/62.0.3202.94 Mobile Safari/537.36"
10.161.14.173 - - [27/Nov/2017:11:06:53 +0000] "GET /css/style.css HTTP/1.1" 304 - "http://10.161.9.38/SerfinStats/" "Mozilla/5.0 (Linux; Android 6.0; Nexus 5 Build/MRA58N) AppleWebKit/537.36 (KHTML, like Gecko) Chrome/62.0.3202.94 Mobile Safari/537.36"
10.161.14.173 - - [27/Nov/2017:11:07:07 +0000] "POST /SerfinStats/ HTTP/1.1" 302 86 "http://10.161.9.38/SerfinStats/" "Mozilla/5.0 (Linux; Android 6.0; Nexus 5 Build/MRA58N) AppleWebKit/537.36 (KHTML, like Gecko) Chrome/62.0.3202.94 Mobile Safari/537.36"
10.161.14.173 - - [27/Nov/2017:11:07:07 +0000] "GET /SerfinStats/overview HTTP/1.1" 304 - "http://10.161.9.38/SerfinStats/" "Mozilla/5.0 (Linux; Android 6.0; Nexus 5 Build/MRA58N) AppleWebKit/537.36 (KHTML, like Gecko) Chrome/62.0.3202.94 Mobile Safari/537.36"
10.161.14.173 - - [27/Nov/2017:11:07:07 +0000] "GET /css/style.css HTTP/1.1" 304 - "http://10.161.9.38/SerfinStats/overview" "Mozilla/5.0 (Linux; Android 6.0; Nexus 5 Build/MRA58N) AppleWebKit/537.36 (KHTML, like Gecko) Chrome/62.0.3202.94 Mobile Safari/537.36"
10.161.14.173 - - [27/Nov/2017:11:07:22 +0000] "GET /SerfinStats/ HTTP/1.1" 200 3507 "-" "Mozilla/5.0 (Linux; Android 6.0; Nexus 5 Build/MRA58N) AppleWebKit/537.36 (KHTML, like Gecko) Chrome/62.0.3202.94 Mobile Safari/537.36"
10.161.10.118 - - [27/Nov/2017:11:12:20 +0000] "GET /SerfinStats HTTP/1.1" 200 3507 "-" "Mozilla/5.0 (Windows NT 10.0; Win64; x64) AppleWebKit/537.36 (KHTML, like Gecko) Chrome/52.0.2743.116 Safari/537.36 Edge/15.15063"
10.161.10.118 - - [27/Nov/2017:11:12:20 +0000] "GET /css/style.css HTTP/1.1" 200 472 "http://10.161.9.38/SerfinStats" "Mozilla/5.0 (Windows NT 10.0; Win64; x64) AppleWebKit/537.36 (KHTML, like Gecko) Chrome/52.0.2743.116 Safari/537.36 Edge/15.15063"
10.161.10.118 - - [27/Nov/2017:11:12:20 +0000] "GET /favicon.ico HTTP/1.1" 404 150 "-" "Mozilla/5.0 (Windows NT 10.0; Win64; x64) AppleWebKit/537.36 (KHTML, like Gecko) Chrome/52.0.2743.116 Safari/537.36 Edge/15.15063"
10.161.10.118 - - [27/Nov/2017:11:12:39 +0000] "POST /SerfinStats HTTP/1.1" 302 86 "http://10.161.9.38/SerfinStats" "Mozilla/5.0 (Windows NT 10.0; Win64; x64) AppleWebKit/537.36 (KHTML, like Gecko) Chrome/52.0.2743.116 Safari/537.36 Edge/15.15063"
10.161.10.118 - - [27/Nov/2017:11:12:40 +0000] "GET /SerfinStats/overview HTTP/1.1" 200 4134 "http://10.161.9.38/SerfinStats" "Mozilla/5.0 (Windows NT 10.0; Win64; x64) AppleWebKit/537.36 (KHTML, like Gecko) Chrome/52.0.2743.116 Safari/537.36 Edge/15.15063"
10.161.10.118 - - [27/Nov/2017:11:12:40 +0000] "GET /css/style.css HTTP/1.1" 304 - "http://10.161.9.38/SerfinStats/overview" "Mozilla/5.0 (Windows NT 10.0; Win64; x64) AppleWebKit/537.36 (KHTML, like Gecko) Chrome/52.0.2743.116 Safari/537.36 Edge/15.15063"
10.161.10.118 - - [27/Nov/2017:11:12:40 +0000] "GET /favicon.ico HTTP/1.1" 404 150 "-" "Mozilla/5.0 (Windows NT 10.0; Win64; x64) AppleWebKit/537.36 (KHTML, like Gecko) Chrome/52.0.2743.116 Safari/537.36 Edge/15.15063"
10.161.14.173 - - [27/Nov/2017:11:17:28 +0000] "POST /SerfinStats/ HTTP/1.1" 302 86 "http://10.161.9.38/SerfinStats/" "Mozilla/5.0 (Linux; Android 6.0; Nexus 5 Build/MRA58N) AppleWebKit/537.36 (KHTML, like Gecko) Chrome/62.0.3202.94 Mobile Safari/537.36"
10.161.14.173 - - [27/Nov/2017:11:17:28 +0000] "GET /SerfinStats/overview HTTP/1.1" 304 - "http://10.161.9.38/SerfinStats/" "Mozilla/5.0 (Linux; Android 6.0; Nexus 5 Build/MRA58N) AppleWebKit/537.36 (KHTML, like Gecko) Chrome/62.0.3202.94 Mobile Safari/537.36"
10.161.14.173 - - [27/Nov/2017:11:17:28 +0000] "GET /css/style.css HTTP/1.1" 304 - "http://10.161.9.38/SerfinStats/overview" "Mozilla/5.0 (Linux; Android 6.0; Nexus 5 Build/MRA58N) AppleWebKit/537.36 (KHTML, like Gecko) Chrome/62.0.3202.94 Mobile Safari/537.36"
::ffff:209.126.136.5 - - [27/Nov/2017:11:21:51 +0000] "GET / HTTP/1.1" 404 139 "-" "Mozilla/5.0 (Windows NT 10.0; Win64; x64) AppleWebKit/537.36 (KHTML, like Gecko) Chrome/57.0.2987.133 Safari/537.36"
10.161.14.173 - - [27/Nov/2017:11:30:39 +0000] "GET /SerfinStats/overview HTTP/1.1" - - "http://10.161.9.38/SerfinStats/" "Mozilla/5.0 (Linux; Android 6.0; Nexus 5 Build/MRA58N) AppleWebKit/537.36 (KHTML, like Gecko) Chrome/62.0.3202.94 Mobile Safari/537.36"
10.161.14.173 - - [27/Nov/2017:11:31:32 +0000] "GET /SerfinStats/overview HTTP/1.1" - - "http://10.161.9.38/SerfinStats/" "Mozilla/5.0 (Windows NT 10.0; Win64; x64) AppleWebKit/537.36 (KHTML, like Gecko) Chrome/62.0.3202.94 Safari/537.36"
10.161.14.173 - - [27/Nov/2017:11:32:06 +0000] "GET /SerfinStats/ HTTP/1.1" 200 3602 "-" "Mozilla/5.0 (Windows NT 10.0; Win64; x64) AppleWebKit/537.36 (KHTML, like Gecko) Chrome/62.0.3202.94 Safari/537.36"
10.161.14.173 - - [27/Nov/2017:11:32:06 +0000] "GET /css/style.css HTTP/1.1" 304 - "http://10.161.9.38/SerfinStats/" "Mozilla/5.0 (Windows NT 10.0; Win64; x64) AppleWebKit/537.36 (KHTML, like Gecko) Chrome/62.0.3202.94 Safari/537.36"
10.161.14.173 - - [27/Nov/2017:11:32:09 +0000] "POST /SerfinStats/ HTTP/1.1" 302 86 "http://10.161.9.38/SerfinStats/" "Mozilla/5.0 (Windows NT 10.0; Win64; x64) AppleWebKit/537.36 (KHTML, like Gecko) Chrome/62.0.3202.94 Safari/537.36"
10.161.14.173 - - [27/Nov/2017:11:32:09 +0000] "GET /SerfinStats/overview HTTP/1.1" 200 4968 "http://10.161.9.38/SerfinStats/" "Mozilla/5.0 (Windows NT 10.0; Win64; x64) AppleWebKit/537.36 (KHTML, like Gecko) Chrome/62.0.3202.94 Safari/537.36"
10.161.14.173 - - [27/Nov/2017:11:32:09 +0000] "GET /css/style.css HTTP/1.1" 304 - "http://10.161.9.38/SerfinStats/overview" "Mozilla/5.0 (Windows NT 10.0; Win64; x64) AppleWebKit/537.36 (KHTML, like Gecko) Chrome/62.0.3202.94 Safari/537.36"
10.161.14.173 - - [27/Nov/2017:11:32:10 +0000] "GET /SerfinStats/overview HTTP/1.1" - - "http://10.161.9.38/SerfinStats/" "Mozilla/5.0 (Windows NT 10.0; Win64; x64) AppleWebKit/537.36 (KHTML, like Gecko) Chrome/62.0.3202.94 Safari/537.36"
10.161.14.173 - - [27/Nov/2017:11:32:18 +0000] "GET /SerfinStats/ HTTP/1.1" 200 3602 "-" "Mozilla/5.0 (Windows NT 10.0; Win64; x64) AppleWebKit/537.36 (KHTML, like Gecko) Chrome/62.0.3202.94 Safari/537.36"
10.161.14.173 - - [27/Nov/2017:11:32:50 +0000] "POST /SerfinStats/ HTTP/1.1" 302 86 "http://10.161.9.38/SerfinStats/" "Mozilla/5.0 (Windows NT 10.0; Win64; x64) AppleWebKit/537.36 (KHTML, like Gecko) Chrome/62.0.3202.94 Safari/537.36"
10.161.14.173 - - [27/Nov/2017:11:32:50 +0000] "GET /SerfinStats/overview HTTP/1.1" 304 - "http://10.161.9.38/SerfinStats/" "Mozilla/5.0 (Windows NT 10.0; Win64; x64) AppleWebKit/537.36 (KHTML, like Gecko) Chrome/62.0.3202.94 Safari/537.36"
10.161.14.173 - - [27/Nov/2017:11:32:50 +0000] "GET /css/style.css HTTP/1.1" 304 - "http://10.161.9.38/SerfinStats/overview" "Mozilla/5.0 (Windows NT 10.0; Win64; x64) AppleWebKit/537.36 (KHTML, like Gecko) Chrome/62.0.3202.94 Safari/537.36"
10.161.14.173 - - [27/Nov/2017:11:34:37 +0000] "GET /SerfinStats/overview HTTP/1.1" 200 5002 "http://10.161.9.38/SerfinStats/" "Mozilla/5.0 (Windows NT 10.0; Win64; x64) AppleWebKit/537.36 (KHTML, like Gecko) Chrome/62.0.3202.94 Safari/537.36"
10.161.14.173 - - [27/Nov/2017:11:34:37 +0000] "GET /css/style.css HTTP/1.1" 304 - "http://10.161.9.38/SerfinStats/overview" "Mozilla/5.0 (Windows NT 10.0; Win64; x64) AppleWebKit/537.36 (KHTML, like Gecko) Chrome/62.0.3202.94 Safari/537.36"
10.161.14.173 - - [27/Nov/2017:11:35:12 +0000] "GET /SerfinStats/overview HTTP/1.1" 200 4963 "http://10.161.9.38/SerfinStats/" "Mozilla/5.0 (Windows NT 10.0; Win64; x64) AppleWebKit/537.36 (KHTML, like Gecko) Chrome/62.0.3202.94 Safari/537.36"
10.161.14.173 - - [27/Nov/2017:11:35:12 +0000] "GET /css/style.css HTTP/1.1" 304 - "http://10.161.9.38/SerfinStats/overview" "Mozilla/5.0 (Windows NT 10.0; Win64; x64) AppleWebKit/537.36 (KHTML, like Gecko) Chrome/62.0.3202.94 Safari/537.36"
10.161.14.173 - - [27/Nov/2017:11:36:35 +0000] "GET /SerfinStats/overview HTTP/1.1" 200 5000 "http://10.161.9.38/SerfinStats/" "Mozilla/5.0 (Windows NT 10.0; Win64; x64) AppleWebKit/537.36 (KHTML, like Gecko) Chrome/62.0.3202.94 Safari/537.36"
10.161.14.173 - - [27/Nov/2017:11:36:35 +0000] "GET /css/style.css HTTP/1.1" 304 - "http://10.161.9.38/SerfinStats/overview" "Mozilla/5.0 (Windows NT 10.0; Win64; x64) AppleWebKit/537.36 (KHTML, like Gecko) Chrome/62.0.3202.94 Safari/537.36"
10.161.14.173 - - [27/Nov/2017:11:37:06 +0000] "GET /SerfinStats/overview HTTP/1.1" 200 5039 "http://10.161.9.38/SerfinStats/" "Mozilla/5.0 (Linux; Android 6.0; Nexus 5 Build/MRA58N) AppleWebKit/537.36 (KHTML, like Gecko) Chrome/62.0.3202.94 Mobile Safari/537.36"
10.161.14.173 - - [27/Nov/2017:11:37:06 +0000] "GET /css/style.css HTTP/1.1" 304 - "http://10.161.9.38/SerfinStats/overview" "Mozilla/5.0 (Linux; Android 6.0; Nexus 5 Build/MRA58N) AppleWebKit/537.36 (KHTML, like Gecko) Chrome/62.0.3202.94 Mobile Safari/537.36"
10.161.14.173 - - [27/Nov/2017:11:37:27 +0000] "GET /SerfinStats/overview HTTP/1.1" 200 5054 "http://10.161.9.38/SerfinStats/" "Mozilla/5.0 (Linux; Android 6.0; Nexus 5 Build/MRA58N) AppleWebKit/537.36 (KHTML, like Gecko) Chrome/62.0.3202.94 Mobile Safari/537.36"
10.161.14.173 - - [27/Nov/2017:11:37:27 +0000] "GET /css/style.css HTTP/1.1" 304 - "http://10.161.9.38/SerfinStats/overview" "Mozilla/5.0 (Linux; Android 6.0; Nexus 5 Build/MRA58N) AppleWebKit/537.36 (KHTML, like Gecko) Chrome/62.0.3202.94 Mobile Safari/537.36"
10.161.14.173 - - [27/Nov/2017:11:40:26 +0000] "GET /SerfinStats/overview HTTP/1.1" 200 5776 "http://10.161.9.38/SerfinStats/" "Mozilla/5.0 (Linux; Android 6.0; Nexus 5 Build/MRA58N) AppleWebKit/537.36 (KHTML, like Gecko) Chrome/62.0.3202.94 Mobile Safari/537.36"
10.161.14.173 - - [27/Nov/2017:11:40:26 +0000] "GET /css/style.css HTTP/1.1" 304 - "http://10.161.9.38/SerfinStats/overview" "Mozilla/5.0 (Linux; Android 6.0; Nexus 5 Build/MRA58N) AppleWebKit/537.36 (KHTML, like Gecko) Chrome/62.0.3202.94 Mobile Safari/537.36"
10.161.14.173 - - [27/Nov/2017:11:41:11 +0000] "GET /SerfinStats/overview HTTP/1.1" 200 5776 "http://10.161.9.38/SerfinStats/" "Mozilla/5.0 (Linux; Android 6.0; Nexus 5 Build/MRA58N) AppleWebKit/537.36 (KHTML, like Gecko) Chrome/62.0.3202.94 Mobile Safari/537.36"
10.161.14.173 - - [27/Nov/2017:11:41:11 +0000] "GET /css/style.css HTTP/1.1" 304 - "http://10.161.9.38/SerfinStats/overview" "Mozilla/5.0 (Linux; Android 6.0; Nexus 5 Build/MRA58N) AppleWebKit/537.36 (KHTML, like Gecko) Chrome/62.0.3202.94 Mobile Safari/537.36"
10.161.14.173 - - [27/Nov/2017:11:41:36 +0000] "GET /SerfinStats/overview HTTP/1.1" 200 5771 "http://10.161.9.38/SerfinStats/" "Mozilla/5.0 (Linux; Android 6.0; Nexus 5 Build/MRA58N) AppleWebKit/537.36 (KHTML, like Gecko) Chrome/62.0.3202.94 Mobile Safari/537.36"
10.161.14.173 - - [27/Nov/2017:11:41:36 +0000] "GET /css/style.css HTTP/1.1" 304 - "http://10.161.9.38/SerfinStats/overview" "Mozilla/5.0 (Linux; Android 6.0; Nexus 5 Build/MRA58N) AppleWebKit/537.36 (KHTML, like Gecko) Chrome/62.0.3202.94 Mobile Safari/537.36"
10.161.21.163 - - [27/Nov/2017:11:43:12 +0000] "GET /StatsStats HTTP/1.1" 404 149 "-" "Mozilla/5.0 (iPhone; CPU iPhone OS 10_2_1 like Mac OS X) AppleWebKit/602.4.6 (KHTML, like Gecko) Version/10.0 Mobile/14D27 Safari/602.1"
10.161.21.163 - - [27/Nov/2017:11:43:36 +0000] "GET /StatsStats/ HTTP/1.1" 404 150 "-" "Mozilla/5.0 (iPhone; CPU iPhone OS 10_2_1 like Mac OS X) AppleWebKit/602.4.6 (KHTML, like Gecko) Version/10.0 Mobile/14D27 Safari/602.1"
10.161.21.163 - - [27/Nov/2017:11:43:50 +0000] "GET /SerfinStats HTTP/1.1" 200 3602 "-" "Mozilla/5.0 (iPhone; CPU iPhone OS 10_2_1 like Mac OS X) AppleWebKit/602.4.6 (KHTML, like Gecko) Version/10.0 Mobile/14D27 Safari/602.1"
10.161.21.163 - - [27/Nov/2017:11:43:50 +0000] "GET /css/style.css HTTP/1.1" 200 472 "http://10.161.9.38/SerfinStats" "Mozilla/5.0 (iPhone; CPU iPhone OS 10_2_1 like Mac OS X) AppleWebKit/602.4.6 (KHTML, like Gecko) Version/10.0 Mobile/14D27 Safari/602.1"
10.161.14.173 - - [27/Nov/2017:11:43:56 +0000] "GET /SerfinStats/ HTTP/1.1" 200 3602 "-" "Mozilla/5.0 (Linux; Android 6.0; Nexus 5 Build/MRA58N) AppleWebKit/537.36 (KHTML, like Gecko) Chrome/62.0.3202.94 Mobile Safari/537.36"
10.161.21.163 - - [27/Nov/2017:11:44:04 +0000] "POST /SerfinStats HTTP/1.1" 302 86 "http://10.161.9.38/SerfinStats" "Mozilla/5.0 (iPhone; CPU iPhone OS 10_2_1 like Mac OS X) AppleWebKit/602.4.6 (KHTML, like Gecko) Version/10.0 Mobile/14D27 Safari/602.1"
10.161.21.163 - - [27/Nov/2017:11:44:04 +0000] "GET /SerfinStats/overview HTTP/1.1" 200 5771 "http://10.161.9.38/SerfinStats" "Mozilla/5.0 (iPhone; CPU iPhone OS 10_2_1 like Mac OS X) AppleWebKit/602.4.6 (KHTML, like Gecko) Version/10.0 Mobile/14D27 Safari/602.1"
10.161.21.163 - - [27/Nov/2017:11:44:04 +0000] "GET /css/style.css HTTP/1.1" 304 - "http://10.161.9.38/SerfinStats" "Mozilla/5.0 (iPhone; CPU iPhone OS 10_2_1 like Mac OS X) AppleWebKit/602.4.6 (KHTML, like Gecko) Version/10.0 Mobile/14D27 Safari/602.1"
10.161.14.173 - - [27/Nov/2017:11:44:30 +0000] "POST /SerfinStats/ HTTP/1.1" 302 86 "http://10.161.9.38/SerfinStats/" "Mozilla/5.0 (Linux; Android 6.0; Nexus 5 Build/MRA58N) AppleWebKit/537.36 (KHTML, like Gecko) Chrome/62.0.3202.94 Mobile Safari/537.36"
10.161.14.173 - - [27/Nov/2017:11:44:30 +0000] "GET /SerfinStats/overview HTTP/1.1" 304 - "http://10.161.9.38/SerfinStats/" "Mozilla/5.0 (Linux; Android 6.0; Nexus 5 Build/MRA58N) AppleWebKit/537.36 (KHTML, like Gecko) Chrome/62.0.3202.94 Mobile Safari/537.36"
10.161.14.173 - - [27/Nov/2017:11:44:30 +0000] "GET /css/style.css HTTP/1.1" 304 - "http://10.161.9.38/SerfinStats/overview" "Mozilla/5.0 (Linux; Android 6.0; Nexus 5 Build/MRA58N) AppleWebKit/537.36 (KHTML, like Gecko) Chrome/62.0.3202.94 Mobile Safari/537.36"
10.161.14.173 - - [27/Nov/2017:11:45:41 +0000] "GET /SerfinStats/overview HTTP/1.1" 200 5772 "http://10.161.9.38/SerfinStats/" "Mozilla/5.0 (Linux; Android 6.0; Nexus 5 Build/MRA58N) AppleWebKit/537.36 (KHTML, like Gecko) Chrome/62.0.3202.94 Mobile Safari/537.36"
10.161.14.173 - - [27/Nov/2017:11:45:41 +0000] "GET /css/style.css HTTP/1.1" 304 - "http://10.161.9.38/SerfinStats/overview" "Mozilla/5.0 (Linux; Android 6.0; Nexus 5 Build/MRA58N) AppleWebKit/537.36 (KHTML, like Gecko) Chrome/62.0.3202.94 Mobile Safari/537.36"
10.161.14.173 - - [27/Nov/2017:11:45:41 +0000] "GET /images/enel-logo.png HTTP/1.1" 404 159 "http://10.161.9.38/SerfinStats/overview" "Mozilla/5.0 (Linux; Android 6.0; Nexus 5 Build/MRA58N) AppleWebKit/537.36 (KHTML, like Gecko) Chrome/62.0.3202.94 Mobile Safari/537.36"
10.161.14.173 - - [27/Nov/2017:11:45:41 +0000] "GET /images/logo.png HTTP/1.1" 404 154 "http://10.161.9.38/SerfinStats/overview" "Mozilla/5.0 (Linux; Android 6.0; Nexus 5 Build/MRA58N) AppleWebKit/537.36 (KHTML, like Gecko) Chrome/62.0.3202.94 Mobile Safari/537.36"
10.161.14.173 - - [27/Nov/2017:11:46:48 +0000] "GET /fastw HTTP/1.1" 302 72 "-" "Mozilla/5.0 (Linux; Android 6.0; Nexus 5 Build/MRA58N) AppleWebKit/537.36 (KHTML, like Gecko) Chrome/62.0.3202.94 Mobile Safari/537.36"
10.161.14.173 - - [27/Nov/2017:11:46:48 +0000] "GET /requestsecret HTTP/1.1" 200 4308 "-" "Mozilla/5.0 (Linux; Android 6.0; Nexus 5 Build/MRA58N) AppleWebKit/537.36 (KHTML, like Gecko) Chrome/62.0.3202.94 Mobile Safari/537.36"
10.161.14.173 - - [27/Nov/2017:11:46:48 +0000] "GET /1301/css/style.css HTTP/1.1" 304 - "http://10.161.9.38/requestsecret" "Mozilla/5.0 (Linux; Android 6.0; Nexus 5 Build/MRA58N) AppleWebKit/537.36 (KHTML, like Gecko) Chrome/62.0.3202.94 Mobile Safari/537.36"
10.161.14.173 - - [27/Nov/2017:11:46:48 +0000] "GET /1301/images/logo.gif HTTP/1.1" 304 - "http://10.161.9.38/requestsecret" "Mozilla/5.0 (Linux; Android 6.0; Nexus 5 Build/MRA58N) AppleWebKit/537.36 (KHTML, like Gecko) Chrome/62.0.3202.94 Mobile Safari/537.36"
10.161.14.173 - - [27/Nov/2017:11:46:48 +0000] "GET /1301/favicon.ico HTTP/1.1" 404 155 "http://10.161.9.38/requestsecret" "Mozilla/5.0 (Linux; Android 6.0; Nexus 5 Build/MRA58N) AppleWebKit/537.36 (KHTML, like Gecko) Chrome/62.0.3202.94 Mobile Safari/537.36"
10.161.14.173 - - [27/Nov/2017:11:47:05 +0000] "GET /SerfinStats/overview HTTP/1.1" 500 6 "http://10.161.9.38/SerfinStats/" "Mozilla/5.0 (Linux; Android 6.0; Nexus 5 Build/MRA58N) AppleWebKit/537.36 (KHTML, like Gecko) Chrome/62.0.3202.94 Mobile Safari/537.36"
10.161.14.173 - - [27/Nov/2017:11:47:11 +0000] "GET /SerfinStats/ HTTP/1.1" 200 3603 "-" "Mozilla/5.0 (Linux; Android 6.0; Nexus 5 Build/MRA58N) AppleWebKit/537.36 (KHTML, like Gecko) Chrome/62.0.3202.94 Mobile Safari/537.36"
10.161.14.173 - - [27/Nov/2017:11:47:12 +0000] "POST /SerfinStats/ HTTP/1.1" 302 86 "http://10.161.9.38/SerfinStats/" "Mozilla/5.0 (Linux; Android 6.0; Nexus 5 Build/MRA58N) AppleWebKit/537.36 (KHTML, like Gecko) Chrome/62.0.3202.94 Mobile Safari/537.36"
10.161.14.173 - - [27/Nov/2017:11:47:12 +0000] "GET /SerfinStats/overview HTTP/1.1" 200 5772 "http://10.161.9.38/SerfinStats/" "Mozilla/5.0 (Linux; Android 6.0; Nexus 5 Build/MRA58N) AppleWebKit/537.36 (KHTML, like Gecko) Chrome/62.0.3202.94 Mobile Safari/537.36"
10.161.14.173 - - [27/Nov/2017:11:47:12 +0000] "GET /css/style.css HTTP/1.1" 304 - "http://10.161.9.38/SerfinStats/overview" "Mozilla/5.0 (Linux; Android 6.0; Nexus 5 Build/MRA58N) AppleWebKit/537.36 (KHTML, like Gecko) Chrome/62.0.3202.94 Mobile Safari/537.36"
10.161.14.173 - - [27/Nov/2017:11:47:13 +0000] "GET /images/enel-logo.png HTTP/1.1" 404 159 "http://10.161.9.38/SerfinStats/overview" "Mozilla/5.0 (Linux; Android 6.0; Nexus 5 Build/MRA58N) AppleWebKit/537.36 (KHTML, like Gecko) Chrome/62.0.3202.94 Mobile Safari/537.36"
10.161.14.173 - - [27/Nov/2017:11:47:13 +0000] "GET /images/logo.png HTTP/1.1" 404 154 "http://10.161.9.38/SerfinStats/overview" "Mozilla/5.0 (Linux; Android 6.0; Nexus 5 Build/MRA58N) AppleWebKit/537.36 (KHTML, like Gecko) Chrome/62.0.3202.94 Mobile Safari/537.36"
10.161.14.173 - - [27/Nov/2017:11:47:36 +0000] "GET /SerfinStats/overview HTTP/1.1" 200 5798 "http://10.161.9.38/SerfinStats/" "Mozilla/5.0 (Linux; Android 6.0; Nexus 5 Build/MRA58N) AppleWebKit/537.36 (KHTML, like Gecko) Chrome/62.0.3202.94 Mobile Safari/537.36"
10.161.14.173 - - [27/Nov/2017:11:47:36 +0000] "GET /css/style.css HTTP/1.1" 304 - "http://10.161.9.38/SerfinStats/overview" "Mozilla/5.0 (Linux; Android 6.0; Nexus 5 Build/MRA58N) AppleWebKit/537.36 (KHTML, like Gecko) Chrome/62.0.3202.94 Mobile Safari/537.36"
10.161.14.173 - - [27/Nov/2017:11:47:36 +0000] "GET /images/enel-logo.png HTTP/1.1" 404 159 "http://10.161.9.38/SerfinStats/overview" "Mozilla/5.0 (Linux; Android 6.0; Nexus 5 Build/MRA58N) AppleWebKit/537.36 (KHTML, like Gecko) Chrome/62.0.3202.94 Mobile Safari/537.36"
10.161.14.173 - - [27/Nov/2017:11:47:36 +0000] "GET /images/logo.png HTTP/1.1" 404 154 "http://10.161.9.38/SerfinStats/overview" "Mozilla/5.0 (Linux; Android 6.0; Nexus 5 Build/MRA58N) AppleWebKit/537.36 (KHTML, like Gecko) Chrome/62.0.3202.94 Mobile Safari/537.36"
10.161.14.173 - - [27/Nov/2017:11:50:23 +0000] "GET /SerfinStats HTTP/1.1" 200 3839 "-" "Mozilla/5.0 (Linux; Android 6.0; Nexus 5 Build/MRA58N) AppleWebKit/537.36 (KHTML, like Gecko) Chrome/62.0.3202.94 Mobile Safari/537.36"
10.161.14.173 - - [27/Nov/2017:11:50:23 +0000] "GET /css/style.css HTTP/1.1" 200 472 "https://10.161.9.38/SerfinStats" "Mozilla/5.0 (Linux; Android 6.0; Nexus 5 Build/MRA58N) AppleWebKit/537.36 (KHTML, like Gecko) Chrome/62.0.3202.94 Mobile Safari/537.36"
10.161.14.173 - - [27/Nov/2017:11:50:24 +0000] "GET /images/enel-logo.png HTTP/1.1" 404 159 "https://10.161.9.38/SerfinStats" "Mozilla/5.0 (Linux; Android 6.0; Nexus 5 Build/MRA58N) AppleWebKit/537.36 (KHTML, like Gecko) Chrome/62.0.3202.94 Mobile Safari/537.36"
10.161.14.173 - - [27/Nov/2017:11:50:24 +0000] "GET /images/logo.png HTTP/1.1" 404 154 "https://10.161.9.38/SerfinStats" "Mozilla/5.0 (Linux; Android 6.0; Nexus 5 Build/MRA58N) AppleWebKit/537.36 (KHTML, like Gecko) Chrome/62.0.3202.94 Mobile Safari/537.36"
10.161.14.173 - - [27/Nov/2017:11:50:32 +0000] "POST /SerfinStats HTTP/1.1" 302 86 "https://10.161.9.38/SerfinStats" "Mozilla/5.0 (Linux; Android 6.0; Nexus 5 Build/MRA58N) AppleWebKit/537.36 (KHTML, like Gecko) Chrome/62.0.3202.94 Mobile Safari/537.36"
10.161.14.173 - - [27/Nov/2017:11:50:32 +0000] "GET /SerfinStats/overview HTTP/1.1" 200 5787 "https://10.161.9.38/SerfinStats" "Mozilla/5.0 (Linux; Android 6.0; Nexus 5 Build/MRA58N) AppleWebKit/537.36 (KHTML, like Gecko) Chrome/62.0.3202.94 Mobile Safari/537.36"
10.161.14.173 - - [27/Nov/2017:11:50:32 +0000] "GET /css/style.css HTTP/1.1" 200 472 "https://10.161.9.38/SerfinStats/overview" "Mozilla/5.0 (Linux; Android 6.0; Nexus 5 Build/MRA58N) AppleWebKit/537.36 (KHTML, like Gecko) Chrome/62.0.3202.94 Mobile Safari/537.36"
10.161.14.173 - - [27/Nov/2017:11:50:32 +0000] "GET /images/enel-logo.png HTTP/1.1" 404 159 "https://10.161.9.38/SerfinStats/overview" "Mozilla/5.0 (Linux; Android 6.0; Nexus 5 Build/MRA58N) AppleWebKit/537.36 (KHTML, like Gecko) Chrome/62.0.3202.94 Mobile Safari/537.36"
10.161.14.173 - - [27/Nov/2017:11:50:32 +0000] "GET /images/logo.png HTTP/1.1" 404 154 "https://10.161.9.38/SerfinStats/overview" "Mozilla/5.0 (Linux; Android 6.0; Nexus 5 Build/MRA58N) AppleWebKit/537.36 (KHTML, like Gecko) Chrome/62.0.3202.94 Mobile Safari/537.36"
10.161.14.173 - - [27/Nov/2017:11:53:15 +0000] "GET /SerfinStats/overview HTTP/1.1" 200 5787 "https://10.161.9.38/SerfinStats" "Mozilla/5.0 (Linux; Android 6.0; Nexus 5 Build/MRA58N) AppleWebKit/537.36 (KHTML, like Gecko) Chrome/62.0.3202.94 Mobile Safari/537.36"
10.161.14.173 - - [27/Nov/2017:11:53:16 +0000] "GET /css/style.css HTTP/1.1" 200 472 "https://10.161.9.38/SerfinStats/overview" "Mozilla/5.0 (Linux; Android 6.0; Nexus 5 Build/MRA58N) AppleWebKit/537.36 (KHTML, like Gecko) Chrome/62.0.3202.94 Mobile Safari/537.36"
10.161.14.173 - - [27/Nov/2017:11:53:16 +0000] "GET /images/enel-logo.png HTTP/1.1" 404 159 "https://10.161.9.38/SerfinStats/overview" "Mozilla/5.0 (Linux; Android 6.0; Nexus 5 Build/MRA58N) AppleWebKit/537.36 (KHTML, like Gecko) Chrome/62.0.3202.94 Mobile Safari/537.36"
10.161.14.173 - - [27/Nov/2017:11:53:16 +0000] "GET /images/logo.png HTTP/1.1" 404 154 "https://10.161.9.38/SerfinStats/overview" "Mozilla/5.0 (Linux; Android 6.0; Nexus 5 Build/MRA58N) AppleWebKit/537.36 (KHTML, like Gecko) Chrome/62.0.3202.94 Mobile Safari/537.36"
10.161.14.173 - - [27/Nov/2017:11:54:07 +0000] "GET /SerfinStats/overview HTTP/1.1" 200 5787 "https://10.161.9.38/SerfinStats" "Mozilla/5.0 (Linux; Android 6.0; Nexus 5 Build/MRA58N) AppleWebKit/537.36 (KHTML, like Gecko) Chrome/62.0.3202.94 Mobile Safari/537.36"
10.161.14.173 - - [27/Nov/2017:11:54:08 +0000] "GET /css/style.css HTTP/1.1" 200 472 "https://10.161.9.38/SerfinStats/overview" "Mozilla/5.0 (Linux; Android 6.0; Nexus 5 Build/MRA58N) AppleWebKit/537.36 (KHTML, like Gecko) Chrome/62.0.3202.94 Mobile Safari/537.36"
10.161.14.173 - - [27/Nov/2017:11:54:08 +0000] "GET /images/enel-logo.png HTTP/1.1" 404 159 "https://10.161.9.38/SerfinStats/overview" "Mozilla/5.0 (Linux; Android 6.0; Nexus 5 Build/MRA58N) AppleWebKit/537.36 (KHTML, like Gecko) Chrome/62.0.3202.94 Mobile Safari/537.36"
10.161.14.173 - - [27/Nov/2017:11:54:08 +0000] "GET /images/logo.png HTTP/1.1" 404 154 "https://10.161.9.38/SerfinStats/overview" "Mozilla/5.0 (Linux; Android 6.0; Nexus 5 Build/MRA58N) AppleWebKit/537.36 (KHTML, like Gecko) Chrome/62.0.3202.94 Mobile Safari/537.36"
10.161.14.173 - - [27/Nov/2017:12:03:38 +0000] "GET /SerfinStats/overview HTTP/1.1" 200 5787 "https://10.161.9.38/SerfinStats" "Mozilla/5.0 (Linux; Android 6.0; Nexus 5 Build/MRA58N) AppleWebKit/537.36 (KHTML, like Gecko) Chrome/62.0.3202.94 Mobile Safari/537.36"
10.161.14.173 - - [27/Nov/2017:12:03:38 +0000] "GET /css/style.css HTTP/1.1" 200 472 "https://10.161.9.38/SerfinStats/overview" "Mozilla/5.0 (Linux; Android 6.0; Nexus 5 Build/MRA58N) AppleWebKit/537.36 (KHTML, like Gecko) Chrome/62.0.3202.94 Mobile Safari/537.36"
10.161.14.173 - - [27/Nov/2017:12:03:38 +0000] "GET /images/enel-logo.png HTTP/1.1" 404 159 "https://10.161.9.38/SerfinStats/overview" "Mozilla/5.0 (Linux; Android 6.0; Nexus 5 Build/MRA58N) AppleWebKit/537.36 (KHTML, like Gecko) Chrome/62.0.3202.94 Mobile Safari/537.36"
10.161.14.173 - - [27/Nov/2017:12:03:38 +0000] "GET /images/logo.png HTTP/1.1" 404 154 "https://10.161.9.38/SerfinStats/overview" "Mozilla/5.0 (Linux; Android 6.0; Nexus 5 Build/MRA58N) AppleWebKit/537.36 (KHTML, like Gecko) Chrome/62.0.3202.94 Mobile Safari/537.36"
86.31.144.69 - - [27/Nov/2017:12:04:15 +0000] "POST / HTTP/1.1" 404 140 "-" "Mozilla/5.0 (Windows NT 6.3; WOW64; Trident/7.0; rv:11.0) like Gecko"
86.31.144.69 - - [27/Nov/2017:12:06:15 +0000] "POST / HTTP/1.1" 404 140 "-" "Mozilla/5.0 (Windows NT 6.3; WOW64; Trident/7.0; rv:11.0) like Gecko"
86.31.144.69 - - [27/Nov/2017:12:08:15 +0000] "POST / HTTP/1.1" 404 140 "-" "Mozilla/5.0 (Windows NT 6.3; WOW64; Trident/7.0; rv:11.0) like Gecko"
86.31.144.69 - - [27/Nov/2017:12:10:15 +0000] "POST / HTTP/1.1" 404 140 "-" "Mozilla/5.0 (Windows NT 6.3; WOW64; Trident/7.0; rv:11.0) like Gecko"
86.31.144.69 - - [27/Nov/2017:12:12:16 +0000] "POST / HTTP/1.1" 404 140 "-" "Mozilla/5.0 (Windows NT 6.3; WOW64; Trident/7.0; rv:11.0) like Gecko"
86.31.144.69 - - [27/Nov/2017:12:14:16 +0000] "POST / HTTP/1.1" 404 140 "-" "Mozilla/5.0 (Windows NT 6.3; WOW64; Trident/7.0; rv:11.0) like Gecko"
86.31.144.69 - - [27/Nov/2017:12:16:16 +0000] "POST / HTTP/1.1" 404 140 "-" "Mozilla/5.0 (Windows NT 6.3; WOW64; Trident/7.0; rv:11.0) like Gecko"
86.31.144.69 - - [27/Nov/2017:12:18:16 +0000] "POST / HTTP/1.1" 404 140 "-" "Mozilla/5.0 (Windows NT 6.3; WOW64; Trident/7.0; rv:11.0) like Gecko"
86.31.144.69 - - [27/Nov/2017:12:20:16 +0000] "POST / HTTP/1.1" 404 140 "-" "Mozilla/5.0 (Windows NT 6.3; WOW64; Trident/7.0; rv:11.0) like Gecko"
86.31.144.69 - - [27/Nov/2017:12:22:17 +0000] "POST / HTTP/1.1" 404 140 "-" "Mozilla/5.0 (Windows NT 6.3; WOW64; Trident/7.0; rv:11.0) like Gecko"
10.161.21.65 - - [27/Nov/2017:12:22:49 +0000] "GET /3yBHe HTTP/1.1" 302 72 "-" "Mozilla/5.0 (iPhone; CPU iPhone OS 11_1_2 like Mac OS X) AppleWebKit/604.3.5 (KHTML, like Gecko) Version/11.0 Mobile/15B202 Safari/604.1"
10.161.21.65 - - [27/Nov/2017:12:22:49 +0000] "GET /requestsecret HTTP/1.1" 200 5371 "-" "Mozilla/5.0 (iPhone; CPU iPhone OS 11_1_2 like Mac OS X) AppleWebKit/604.3.5 (KHTML, like Gecko) Version/11.0 Mobile/15B202 Safari/604.1"
10.161.21.65 - - [27/Nov/2017:12:22:49 +0000] "GET /148/css/style.css HTTP/1.1" 200 472 "https://10.161.9.38/requestsecret" "Mozilla/5.0 (iPhone; CPU iPhone OS 11_1_2 like Mac OS X) AppleWebKit/604.3.5 (KHTML, like Gecko) Version/11.0 Mobile/15B202 Safari/604.1"
10.161.21.65 - - [27/Nov/2017:12:22:49 +0000] "GET /148/images/logo.png HTTP/1.1" 200 4796 "https://10.161.9.38/requestsecret" "Mozilla/5.0 (iPhone; CPU iPhone OS 11_1_2 like Mac OS X) AppleWebKit/604.3.5 (KHTML, like Gecko) Version/11.0 Mobile/15B202 Safari/604.1"
86.31.144.69 - - [27/Nov/2017:12:24:17 +0000] "POST / HTTP/1.1" 404 140 "-" "Mozilla/5.0 (Windows NT 6.3; WOW64; Trident/7.0; rv:11.0) like Gecko"
86.31.144.69 - - [27/Nov/2017:12:26:17 +0000] "POST / HTTP/1.1" 404 140 "-" "Mozilla/5.0 (Windows NT 6.3; WOW64; Trident/7.0; rv:11.0) like Gecko"
86.31.144.69 - - [27/Nov/2017:12:28:17 +0000] "POST / HTTP/1.1" 404 140 "-" "Mozilla/5.0 (Windows NT 6.3; WOW64; Trident/7.0; rv:11.0) like Gecko"
